18:54:25 **** Incremental Build of configuration Debug for project uart_interrupts ****
make all 
make: Nothing to be done for `all'.
18:54:31 **** Auto Build of configuration Debug for project uart_interrupts ****
make all 
Building file: ../src/helloworld.c
Invoking: MicroBlaze gcc compiler
mb-gcc -DDEBUG_MODE -Wall -O0 -g3 -c -fmessage-length=0 -MT"src/helloworld.o" -I../../uart_interrupts_bsp/microblaze_0/include -mlittle-endian -mcpu=v11.0 -mxl-soft-mul -Wl,--no-relax -ffunction-sections -fdata-sections -MMD -MP -MF"src/helloworld.d" -MT"src/helloworld.o" -o "src/helloworld.o" "../src/helloworld.c"
In file included from ../src/helloworld.c:1:0:
../src/helloworld.c: In function 'print_uart_status':
../../uart_interrupts_bsp/microblaze_0/include/xuartlite_l.h:189:17: warning: passing argument 1 of 'Xil_In32' makes integer from pointer without a cast [-Wint-conversion]
  XUartLite_In32((BaseAddress) + (RegOffset))
                 ^
../../uart_interrupts_bsp/microblaze_0/include/xuartlite_l.h:226:3: note: in expansion of macro 'XUartLite_ReadReg'
   XUartLite_ReadReg((BaseAddress), XUL_STATUS_REG_OFFSET)
   ^~~~~~~~~~~~~~~~~
../src/helloworld.c:23:24: note: in expansion of macro 'XUartLite_GetStatusReg'
  unsigned int status = XUartLite_GetStatusReg(baseaddr_p);
                        ^~~~~~~~~~~~~~~~~~~~~~
In file included from ../../uart_interrupts_bsp/microblaze_0/include/xuartlite_l.h:69:0,
                 from ../src/helloworld.c:1:
../../uart_interrupts_bsp/microblaze_0/include/xil_io.h:147:19: note: expected 'UINTPTR {aka unsigned int}' but argument is of type 'UINTPTR * {aka unsigned int *}'
 static INLINE u32 Xil_In32(UINTPTR Addr)
                   ^~~~~~~~
../src/helloworld.c:31:22: warning: passing argument 1 of 'XUartLite_SendByte' makes integer from pointer without a cast [-Wint-conversion]
   XUartLite_SendByte(baseaddr_p, val);
                      ^~~~~~~~~~
In file included from ../src/helloworld.c:1:0:
../../uart_interrupts_bsp/microblaze_0/include/xuartlite_l.h:322:6: note: expected 'UINTPTR {aka unsigned int}' but argument is of type 'UINTPTR * {aka unsigned int *}'
 void XUartLite_SendByte(UINTPTR BaseAddress, u8 Data);
      ^~~~~~~~~~~~~~~~~~
../src/helloworld.c:33:21: warning: passing argument 1 of 'XUartLite_SendByte' makes integer from pointer without a cast [-Wint-conversion]
  XUartLite_SendByte(baseaddr_p, '\r');
                     ^~~~~~~~~~
In file included from ../src/helloworld.c:1:0:
../../uart_interrupts_bsp/microblaze_0/include/xuartlite_l.h:322:6: note: expected 'UINTPTR {aka unsigned int}' but argument is of type 'UINTPTR * {aka unsigned int *}'
 void XUartLite_SendByte(UINTPTR BaseAddress, u8 Data);
      ^~~~~~~~~~~~~~~~~~
../src/helloworld.c:34:21: warning: passing argument 1 of 'XUartLite_SendByte' makes integer from pointer without a cast [-Wint-conversion]
  XUartLite_SendByte(baseaddr_p, '\n');
                     ^~~~~~~~~~
In file included from ../src/helloworld.c:1:0:
../../uart_interrupts_bsp/microblaze_0/include/xuartlite_l.h:322:6: note: expected 'UINTPTR {aka unsigned int}' but argument is of type 'UINTPTR * {aka unsigned int *}'
 void XUartLite_SendByte(UINTPTR BaseAddress, u8 Data);
      ^~~~~~~~~~~~~~~~~~
../src/helloworld.c: In function 'uart_0_int_handler':
../src/helloworld.c:39:23: error: 'gp' undeclared (first use in this function); did you mean 'gpio'?
  XGpio_DiscreteWrite(&gp io, 1, 0x01);
                       ^~
                       gpio
../src/helloworld.c:39:23: note: each undeclared identifier is reported only once for each function it appears in
../src/helloworld.c:39:26: error: expected ')' before 'io'
  XGpio_DiscreteWrite(&gp io, 1, 0x01);
                          ^~
../src/helloworld.c:39:2: error: too few arguments to function 'XGpio_DiscreteWrite'
  XGpio_DiscreteWrite(&gp io, 1, 0x01);
  ^~~~~~~~~~~~~~~~~~~
In file included from ../src/helloworld.c:2:0:
../../uart_interrupts_bsp/microblaze_0/include/xgpio.h:180:6: note: declared here
 void XGpio_DiscreteWrite(XGpio *InstancePtr, unsigned Channel, u32 Mask);
      ^~~~~~~~~~~~~~~~~~~
In file included from ../src/helloworld.c:1:0:
../../uart_interrupts_bsp/microblaze_0/include/xuartlite_l.h:189:17: warning: passing argument 1 of 'Xil_In32' makes integer from pointer without a cast [-Wint-conversion]
  XUartLite_In32((BaseAddress) + (RegOffset))
                 ^
../../uart_interrupts_bsp/microblaze_0/include/xuartlite_l.h:226:3: note: in expansion of macro 'XUartLite_ReadReg'
   XUartLite_ReadReg((BaseAddress), XUL_STATUS_REG_OFFSET)
   ^~~~~~~~~~~~~~~~~
../../uart_interrupts_bsp/microblaze_0/include/xuartlite_l.h:243:5: note: in expansion of macro 'XUartLite_GetStatusReg'
   ((XUartLite_GetStatusReg((BaseAddress)) & XUL_SR_RX_FIFO_VALID_DATA) != \
     ^~~~~~~~~~~~~~~~~~~~~~
../src/helloworld.c:49:10: note: in expansion of macro 'XUartLite_IsReceiveEmpty'
  while (!XUartLite_IsReceiveEmpty(baseaddr_p)) {
          ^~~~~~~~~~~~~~~~~~~~~~~~
In file included from ../../uart_interrupts_bsp/microblaze_0/include/xuartlite_l.h:69:0,
                 from ../src/helloworld.c:1:
../../uart_interrupts_bsp/microblaze_0/include/xil_io.h:147:19: note: expected 'UINTPTR {aka unsigned int}' but argument is of type 'UINTPTR * {aka unsigned int *}'
 static INLINE u32 Xil_In32(UINTPTR Addr)
                   ^~~~~~~~
In file included from ../src/helloworld.c:1:0:
../../uart_interrupts_bsp/microblaze_0/include/xuartlite_l.h:189:17: warning: passing argument 1 of 'Xil_In32' makes integer from pointer without a cast [-Wint-conversion]
  XUartLite_In32((BaseAddress) + (RegOffset))
                 ^
../src/helloworld.c:53:7: note: in expansion of macro 'XUartLite_ReadReg'
   c = XUartLite_ReadReg(baseaddr_p, XUL_RX_FIFO_OFFSET);
       ^~~~~~~~~~~~~~~~~
In file included from ../../uart_interrupts_bsp/microblaze_0/include/xuartlite_l.h:69:0,
                 from ../src/helloworld.c:1:
../../uart_interrupts_bsp/microblaze_0/include/xil_io.h:147:19: note: expected 'UINTPTR {aka unsigned int}' but argument is of type 'UINTPTR * {aka unsigned int *}'
 static INLINE u32 Xil_In32(UINTPTR Addr)
                   ^~~~~~~~
../src/helloworld.c:58:22: warning: passing argument 1 of 'XUartLite_SendByte' makes integer from pointer without a cast [-Wint-conversion]
   XUartLite_SendByte(baseaddr_p, c); // Echo
                      ^~~~~~~~~~
In file included from ../src/helloworld.c:1:0:
../../uart_interrupts_bsp/microblaze_0/include/xuartlite_l.h:322:6: note: expected 'UINTPTR {aka unsigned int}' but argument is of type 'UINTPTR * {aka unsigned int *}'
 void XUartLite_SendByte(UINTPTR BaseAddress, u8 Data);
      ^~~~~~~~~~~~~~~~~~
../src/helloworld.c: In function 'uart_1_int_handler':
../../uart_interrupts_bsp/microblaze_0/include/xuartlite_l.h:189:17: warning: passing argument 1 of 'Xil_In32' makes integer from pointer without a cast [-Wint-conversion]
  XUartLite_In32((BaseAddress) + (RegOffset))
                 ^
../../uart_interrupts_bsp/microblaze_0/include/xuartlite_l.h:226:3: note: in expansion of macro 'XUartLite_ReadReg'
   XUartLite_ReadReg((BaseAddress), XUL_STATUS_REG_OFFSET)
   ^~~~~~~~~~~~~~~~~
../../uart_interrupts_bsp/microblaze_0/include/xuartlite_l.h:243:5: note: in expansion of macro 'XUartLite_GetStatusReg'
   ((XUartLite_GetStatusReg((BaseAddress)) & XUL_SR_RX_FIFO_VALID_DATA) != \
     ^~~~~~~~~~~~~~~~~~~~~~
../src/helloworld.c:72:10: note: in expansion of macro 'XUartLite_IsReceiveEmpty'
  while (!XUartLite_IsReceiveEmpty(baseaddr_p)) {
          ^~~~~~~~~~~~~~~~~~~~~~~~
In file included from ../../uart_interrupts_bsp/microblaze_0/include/xuartlite_l.h:69:0,
                 from ../src/helloworld.c:1:
../../uart_interrupts_bsp/microblaze_0/include/xil_io.h:147:19: note: expected 'UINTPTR {aka unsigned int}' but argument is of type 'UINTPTR * {aka unsigned int *}'
 static INLINE u32 Xil_In32(UINTPTR Addr)
                   ^~~~~~~~
../src/helloworld.c: In function 'uart_buffered_tx':
../src/helloworld.c:91:35: warning: assignment makes integer from pointer without a cast [-Wint-conversion]
  uart_send_active_device_baseaddr = baseaddr_p;
                                   ^
../src/helloworld.c:95:32: warning: pointer targets in passing argument 1 of 'strlen' differ in signedness [-Wpointer-sign]
  uart_send_buffer_len = strlen(buffer);
                                ^~~~~~
In file included from /home/zach/Xilinx/SDK/2018.3/gnu/microblaze/lin/microblaze-xilinx-elf/include/ctype.h:4:0,
                 from ../../uart_interrupts_bsp/microblaze_0/include/xil_printf.h:8,
                 from ../../uart_interrupts_bsp/microblaze_0/include/xil_io.h:61,
                 from ../../uart_interrupts_bsp/microblaze_0/include/xuartlite_l.h:69,
                 from ../src/helloworld.c:1:
/home/zach/Xilinx/SDK/2018.3/gnu/microblaze/lin/microblaze-xilinx-elf/include/string.h:33:9: note: expected 'const char *' but argument is of type 'unsigned char *'
 size_t  _EXFUN(strlen,(const char *));
         ^
../src/helloworld.c:97:21: warning: implicit declaration of function 'calloc' [-Wimplicit-function-declaration]
  uart_send_buffer = calloc(uart_send_buffer_len + 1, sizeof(unsigned char));
                     ^~~~~~
../src/helloworld.c:97:21: warning: incompatible implicit declaration of built-in function 'calloc'
../src/helloworld.c:97:21: note: include '<stdlib.h>' or provide a declaration of 'calloc'
../src/helloworld.c:98:10: warning: pointer targets in passing argument 1 of 'strncpy' differ in signedness [-Wpointer-sign]
  strncpy(uart_send_buffer, buffer, uart_send_buffer_len);
          ^~~~~~~~~~~~~~~~
In file included from /home/zach/Xilinx/SDK/2018.3/gnu/microblaze/lin/microblaze-xilinx-elf/include/ctype.h:4:0,
                 from ../../uart_interrupts_bsp/microblaze_0/include/xil_printf.h:8,
                 from ../../uart_interrupts_bsp/microblaze_0/include/xil_io.h:61,
                 from ../../uart_interrupts_bsp/microblaze_0/include/xuartlite_l.h:69,
                 from ../src/helloworld.c:1:
/home/zach/Xilinx/SDK/2018.3/gnu/microblaze/lin/microblaze-xilinx-elf/include/string.h:36:8: note: expected 'char * restrict' but argument is of type 'unsigned char *'
 char  *_EXFUN(strncpy,(char *__restrict, const char *__restrict, size_t));
        ^
../src/helloworld.c:98:28: warning: pointer targets in passing argument 2 of 'strncpy' differ in signedness [-Wpointer-sign]
  strncpy(uart_send_buffer, buffer, uart_send_buffer_len);
                            ^~~~~~
In file included from /home/zach/Xilinx/SDK/2018.3/gnu/microblaze/lin/microblaze-xilinx-elf/include/ctype.h:4:0,
                 from ../../uart_interrupts_bsp/microblaze_0/include/xil_printf.h:8,
                 from ../../uart_interrupts_bsp/microblaze_0/include/xil_io.h:61,
                 from ../../uart_interrupts_bsp/microblaze_0/include/xuartlite_l.h:69,
                 from ../src/helloworld.c:1:
/home/zach/Xilinx/SDK/2018.3/gnu/microblaze/lin/microblaze-xilinx-elf/include/string.h:36:8: note: expected 'const char * restrict' but argument is of type 'unsigned char *'
 char  *_EXFUN(strncpy,(char *__restrict, const char *__restrict, size_t));
        ^
../src/helloworld.c:101:3: warning: implicit declaration of function 'uart_buffered_tx_segment'; did you mean 'uart_buffered_tx'? [-Wimplicit-function-declaration]
   uart_buffered_tx_segment(baseaddr_p);
   ^~~~~~~~~~~~~~~~~~~~~~~~
   uart_buffered_tx
../src/helloworld.c: At top level:
../src/helloworld.c:106:6: warning: conflicting types for 'uart_buffered_tx_segment'
 void uart_buffered_tx_segment(void *baseaddr_p) {
      ^~~~~~~~~~~~~~~~~~~~~~~~
../src/helloworld.c:101:3: note: previous implicit declaration of 'uart_buffered_tx_segment' was here
   uart_buffered_tx_segment(baseaddr_p);
   ^~~~~~~~~~~~~~~~~~~~~~~~
In file included from ../src/helloworld.c:1:0:
../src/helloworld.c: In function 'uart_buffered_tx_segment':
../../uart_interrupts_bsp/microblaze_0/include/xuartlite_l.h:189:17: warning: passing argument 1 of 'Xil_In32' makes integer from pointer without a cast [-Wint-conversion]
  XUartLite_In32((BaseAddress) + (RegOffset))
                 ^
../../uart_interrupts_bsp/microblaze_0/include/xuartlite_l.h:226:3: note: in expansion of macro 'XUartLite_ReadReg'
   XUartLite_ReadReg((BaseAddress), XUL_STATUS_REG_OFFSET)
   ^~~~~~~~~~~~~~~~~
../../uart_interrupts_bsp/microblaze_0/include/xuartlite_l.h:261:4: note: in expansion of macro 'XUartLite_GetStatusReg'
  ((XUartLite_GetStatusReg((BaseAddress)) & XUL_SR_TX_FIFO_FULL) == \
    ^~~~~~~~~~~~~~~~~~~~~~
../src/helloworld.c:108:10: note: in expansion of macro 'XUartLite_IsTransmitFull'
  while (!XUartLite_IsTransmitFull(baseaddr_p) && !UART_TX_BUFFER_DONE) {
          ^~~~~~~~~~~~~~~~~~~~~~~~
In file included from ../../uart_interrupts_bsp/microblaze_0/include/xuartlite_l.h:69:0,
                 from ../src/helloworld.c:1:
../../uart_interrupts_bsp/microblaze_0/include/xil_io.h:147:19: note: expected 'UINTPTR {aka unsigned int}' but argument is of type 'void *'
 static INLINE u32 Xil_In32(UINTPTR Addr)
                   ^~~~~~~~
../src/helloworld.c:109:22: warning: passing argument 1 of 'XUartLite_SendByte' makes integer from pointer without a cast [-Wint-conversion]
   XUartLite_SendByte(baseaddr_p, uart_send_buffer[uart_tx_idx++]);
                      ^~~~~~~~~~
In file included from ../src/helloworld.c:1:0:
../../uart_interrupts_bsp/microblaze_0/include/xuartlite_l.h:322:6: note: expected 'UINTPTR {aka unsigned int}' but argument is of type 'void *'
 void XUartLite_SendByte(UINTPTR BaseAddress, u8 Data);
      ^~~~~~~~~~~~~~~~~~
../src/helloworld.c:114:3: warning: implicit declaration of function 'free' [-Wimplicit-function-declaration]
   free(uart_send_buffer);
   ^~~~
../src/helloworld.c:114:3: warning: incompatible implicit declaration of built-in function 'free'
../src/helloworld.c:114:3: note: include '<stdlib.h>' or provide a declaration of 'free'
In file included from ../../uart_interrupts_bsp/microblaze_0/include/xil_printf.h:12:0,
                 from ../../uart_interrupts_bsp/microblaze_0/include/xil_io.h:61,
                 from ../../uart_interrupts_bsp/microblaze_0/include/xuartlite_l.h:69,
                 from ../src/helloworld.c:1:
../src/helloworld.c: In function 'main':
../../uart_interrupts_bsp/microblaze_0/include/xparameters.h:659:38: warning: passing argument 1 of 'print_uart_status' makes pointer from integer without a cast [-Wint-conversion]
 #define XPAR_AXI_UARTLITE_0_BASEADDR 0x40600000
                                      ^
../src/helloworld.c:157:20: note: in expansion of macro 'XPAR_AXI_UARTLITE_0_BASEADDR'
  print_uart_status(XPAR_AXI_UARTLITE_0_BASEADDR);
                    ^~~~~~~~~~~~~~~~~~~~~~~~~~~~
../src/helloworld.c:22:6: note: expected 'UINTPTR * {aka unsigned int *}' but argument is of type 'int'
 void print_uart_status(UINTPTR *baseaddr_p) {
      ^~~~~~~~~~~~~~~~~
../src/helloworld.c:159:19: warning: pointer targets in passing argument 1 of 'uart_buffered_tx' differ in signedness [-Wpointer-sign]
  uart_buffered_tx("Hello world! I'm a super long string! Transmit me, please!\r\n", XPAR_AXI_UARTLITE_0_BASEADDR);
                   ^~~~~~~~~~~~~~~~~~~~~~~~~~~~~~~~~~~~~~~~~~~~~~~~~~~~~~~~~~~~~~~~
../src/helloworld.c:82:6: note: expected 'unsigned char *' but argument is of type 'char *'
 void uart_buffered_tx(unsigned char *buffer, void *baseaddr_p) {
      ^~~~~~~~~~~~~~~~
In file included from ../../uart_interrupts_bsp/microblaze_0/include/xil_printf.h:12:0,
                 from ../../uart_interrupts_bsp/microblaze_0/include/xil_io.h:61,
                 from ../../uart_interrupts_bsp/microblaze_0/include/xuartlite_l.h:69,
                 from ../src/helloworld.c:1:
../../uart_interrupts_bsp/microblaze_0/include/xparameters.h:659:38: warning: passing argument 2 of 'uart_buffered_tx' makes pointer from integer without a cast [-Wint-conversion]
 #define XPAR_AXI_UARTLITE_0_BASEADDR 0x40600000
                                      ^
../src/helloworld.c:159:85: note: in expansion of macro 'XPAR_AXI_UARTLITE_0_BASEADDR'
  uart_buffered_tx("Hello world! I'm a super long string! Transmit me, please!\r\n", XPAR_AXI_UARTLITE_0_BASEADDR);
                                                                                     ^~~~~~~~~~~~~~~~~~~~~~~~~~~~
../src/helloworld.c:82:6: note: expected 'void *' but argument is of type 'int'
 void uart_buffered_tx(unsigned char *buffer, void *baseaddr_p) {
      ^~~~~~~~~~~~~~~~
../src/helloworld.c:160:19: warning: pointer targets in passing argument 1 of 'uart_buffered_tx' differ in signedness [-Wpointer-sign]
  uart_buffered_tx("One sec, gotta transmit a message on UART1.\r\n", XPAR_AXI_UARTLITE_1_BASEADDR);
                   ^~~~~~~~~~~~~~~~~~~~~~~~~~~~~~~~~~~~~~~~~~~~~~~~~
../src/helloworld.c:82:6: note: expected 'unsigned char *' but argument is of type 'char *'
 void uart_buffered_tx(unsigned char *buffer, void *baseaddr_p) {
      ^~~~~~~~~~~~~~~~
In file included from ../../uart_interrupts_bsp/microblaze_0/include/xil_printf.h:12:0,
                 from ../../uart_interrupts_bsp/microblaze_0/include/xil_io.h:61,
                 from ../../uart_interrupts_bsp/microblaze_0/include/xuartlite_l.h:69,
                 from ../src/helloworld.c:1:
../../uart_interrupts_bsp/microblaze_0/include/xparameters.h:669:38: warning: passing argument 2 of 'uart_buffered_tx' makes pointer from integer without a cast [-Wint-conversion]
 #define XPAR_AXI_UARTLITE_1_BASEADDR 0x40610000
                                      ^
../src/helloworld.c:160:70: note: in expansion of macro 'XPAR_AXI_UARTLITE_1_BASEADDR'
  uart_buffered_tx("One sec, gotta transmit a message on UART1.\r\n", XPAR_AXI_UARTLITE_1_BASEADDR);
                                                                      ^~~~~~~~~~~~~~~~~~~~~~~~~~~~
../src/helloworld.c:82:6: note: expected 'void *' but argument is of type 'int'
 void uart_buffered_tx(unsigned char *buffer, void *baseaddr_p) {
      ^~~~~~~~~~~~~~~~
../src/helloworld.c:161:19: warning: pointer targets in passing argument 1 of 'uart_buffered_tx' differ in signedness [-Wpointer-sign]
  uart_buffered_tx("Alright, I'm back, transmitting on UART0.\r\n", XPAR_AXI_UARTLITE_0_BASEADDR);
                   ^~~~~~~~~~~~~~~~~~~~~~~~~~~~~~~~~~~~~~~~~~~~~~~
../src/helloworld.c:82:6: note: expected 'unsigned char *' but argument is of type 'char *'
 void uart_buffered_tx(unsigned char *buffer, void *baseaddr_p) {
      ^~~~~~~~~~~~~~~~
In file included from ../../uart_interrupts_bsp/microblaze_0/include/xil_printf.h:12:0,
                 from ../../uart_interrupts_bsp/microblaze_0/include/xil_io.h:61,
                 from ../../uart_interrupts_bsp/microblaze_0/include/xuartlite_l.h:69,
                 from ../src/helloworld.c:1:
../../uart_interrupts_bsp/microblaze_0/include/xparameters.h:659:38: warning: passing argument 2 of 'uart_buffered_tx' makes pointer from integer without a cast [-Wint-conversion]
 #define XPAR_AXI_UARTLITE_0_BASEADDR 0x40600000
                                      ^
../src/helloworld.c:161:68: note: in expansion of macro 'XPAR_AXI_UARTLITE_0_BASEADDR'
  uart_buffered_tx("Alright, I'm back, transmitting on UART0.\r\n", XPAR_AXI_UARTLITE_0_BASEADDR);
                                                                    ^~~~~~~~~~~~~~~~~~~~~~~~~~~~
../src/helloworld.c:82:6: note: expected 'void *' but argument is of type 'int'
 void uart_buffered_tx(unsigned char *buffer, void *baseaddr_p) {
      ^~~~~~~~~~~~~~~~
In file included from ../../uart_interrupts_bsp/microblaze_0/include/xil_printf.h:12:0,
                 from ../../uart_interrupts_bsp/microblaze_0/include/xil_io.h:61,
                 from ../../uart_interrupts_bsp/microblaze_0/include/xuartlite_l.h:69,
                 from ../src/helloworld.c:1:
../../uart_interrupts_bsp/microblaze_0/include/xparameters.h:659:38: warning: passing argument 1 of 'print_uart_status' makes pointer from integer without a cast [-Wint-conversion]
 #define XPAR_AXI_UARTLITE_0_BASEADDR 0x40600000
                                      ^
../src/helloworld.c:163:20: note: in expansion of macro 'XPAR_AXI_UARTLITE_0_BASEADDR'
  print_uart_status(XPAR_AXI_UARTLITE_0_BASEADDR);
                    ^~~~~~~~~~~~~~~~~~~~~~~~~~~~
../src/helloworld.c:22:6: note: expected 'UINTPTR * {aka unsigned int *}' but argument is of type 'int'
 void print_uart_status(UINTPTR *baseaddr_p) {
      ^~~~~~~~~~~~~~~~~
make: *** [src/helloworld.o] Error 1
18:54:33 **** Auto Build of configuration Debug for project uart_interrupts ****
make all 
Building file: ../src/helloworld.c
Invoking: MicroBlaze gcc compiler
mb-gcc -DDEBUG_MODE -Wall -O0 -g3 -c -fmessage-length=0 -MT"src/helloworld.o" -I../../uart_interrupts_bsp/microblaze_0/include -mlittle-endian -mcpu=v11.0 -mxl-soft-mul -Wl,--no-relax -ffunction-sections -fdata-sections -MMD -MP -MF"src/helloworld.d" -MT"src/helloworld.o" -o "src/helloworld.o" "../src/helloworld.c"
In file included from ../src/helloworld.c:1:0:
../src/helloworld.c: In function 'print_uart_status':
../../uart_interrupts_bsp/microblaze_0/include/xuartlite_l.h:189:17: warning: passing argument 1 of 'Xil_In32' makes integer from pointer without a cast [-Wint-conversion]
  XUartLite_In32((BaseAddress) + (RegOffset))
                 ^
../../uart_interrupts_bsp/microblaze_0/include/xuartlite_l.h:226:3: note: in expansion of macro 'XUartLite_ReadReg'
   XUartLite_ReadReg((BaseAddress), XUL_STATUS_REG_OFFSET)
   ^~~~~~~~~~~~~~~~~
../src/helloworld.c:23:24: note: in expansion of macro 'XUartLite_GetStatusReg'
  unsigned int status = XUartLite_GetStatusReg(baseaddr_p);
                        ^~~~~~~~~~~~~~~~~~~~~~
In file included from ../../uart_interrupts_bsp/microblaze_0/include/xuartlite_l.h:69:0,
                 from ../src/helloworld.c:1:
../../uart_interrupts_bsp/microblaze_0/include/xil_io.h:147:19: note: expected 'UINTPTR {aka unsigned int}' but argument is of type 'UINTPTR * {aka unsigned int *}'
 static INLINE u32 Xil_In32(UINTPTR Addr)
                   ^~~~~~~~
../src/helloworld.c:31:22: warning: passing argument 1 of 'XUartLite_SendByte' makes integer from pointer without a cast [-Wint-conversion]
   XUartLite_SendByte(baseaddr_p, val);
                      ^~~~~~~~~~
In file included from ../src/helloworld.c:1:0:
../../uart_interrupts_bsp/microblaze_0/include/xuartlite_l.h:322:6: note: expected 'UINTPTR {aka unsigned int}' but argument is of type 'UINTPTR * {aka unsigned int *}'
 void XUartLite_SendByte(UINTPTR BaseAddress, u8 Data);
      ^~~~~~~~~~~~~~~~~~
../src/helloworld.c:33:21: warning: passing argument 1 of 'XUartLite_SendByte' makes integer from pointer without a cast [-Wint-conversion]
  XUartLite_SendByte(baseaddr_p, '\r');
                     ^~~~~~~~~~
In file included from ../src/helloworld.c:1:0:
../../uart_interrupts_bsp/microblaze_0/include/xuartlite_l.h:322:6: note: expected 'UINTPTR {aka unsigned int}' but argument is of type 'UINTPTR * {aka unsigned int *}'
 void XUartLite_SendByte(UINTPTR BaseAddress, u8 Data);
      ^~~~~~~~~~~~~~~~~~
../src/helloworld.c:34:21: warning: passing argument 1 of 'XUartLite_SendByte' makes integer from pointer without a cast [-Wint-conversion]
  XUartLite_SendByte(baseaddr_p, '\n');
                     ^~~~~~~~~~
In file included from ../src/helloworld.c:1:0:
../../uart_interrupts_bsp/microblaze_0/include/xuartlite_l.h:322:6: note: expected 'UINTPTR {aka unsigned int}' but argument is of type 'UINTPTR * {aka unsigned int *}'
 void XUartLite_SendByte(UINTPTR BaseAddress, u8 Data);
      ^~~~~~~~~~~~~~~~~~
../src/helloworld.c: In function 'uart_0_int_handler':
../../uart_interrupts_bsp/microblaze_0/include/xuartlite_l.h:189:17: warning: passing argument 1 of 'Xil_In32' makes integer from pointer without a cast [-Wint-conversion]
  XUartLite_In32((BaseAddress) + (RegOffset))
                 ^
../../uart_interrupts_bsp/microblaze_0/include/xuartlite_l.h:226:3: note: in expansion of macro 'XUartLite_ReadReg'
   XUartLite_ReadReg((BaseAddress), XUL_STATUS_REG_OFFSET)
   ^~~~~~~~~~~~~~~~~
../../uart_interrupts_bsp/microblaze_0/include/xuartlite_l.h:243:5: note: in expansion of macro 'XUartLite_GetStatusReg'
   ((XUartLite_GetStatusReg((BaseAddress)) & XUL_SR_RX_FIFO_VALID_DATA) != \
     ^~~~~~~~~~~~~~~~~~~~~~
../src/helloworld.c:49:10: note: in expansion of macro 'XUartLite_IsReceiveEmpty'
  while (!XUartLite_IsReceiveEmpty(baseaddr_p)) {
          ^~~~~~~~~~~~~~~~~~~~~~~~
In file included from ../../uart_interrupts_bsp/microblaze_0/include/xuartlite_l.h:69:0,
                 from ../src/helloworld.c:1:
../../uart_interrupts_bsp/microblaze_0/include/xil_io.h:147:19: note: expected 'UINTPTR {aka unsigned int}' but argument is of type 'UINTPTR * {aka unsigned int *}'
 static INLINE u32 Xil_In32(UINTPTR Addr)
                   ^~~~~~~~
In file included from ../src/helloworld.c:1:0:
../../uart_interrupts_bsp/microblaze_0/include/xuartlite_l.h:189:17: warning: passing argument 1 of 'Xil_In32' makes integer from pointer without a cast [-Wint-conversion]
  XUartLite_In32((BaseAddress) + (RegOffset))
                 ^
../src/helloworld.c:53:7: note: in expansion of macro 'XUartLite_ReadReg'
   c = XUartLite_ReadReg(baseaddr_p, XUL_RX_FIFO_OFFSET);
       ^~~~~~~~~~~~~~~~~
In file included from ../../uart_interrupts_bsp/microblaze_0/include/xuartlite_l.h:69:0,
                 from ../src/helloworld.c:1:
../../uart_interrupts_bsp/microblaze_0/include/xil_io.h:147:19: note: expected 'UINTPTR {aka unsigned int}' but argument is of type 'UINTPTR * {aka unsigned int *}'
 static INLINE u32 Xil_In32(UINTPTR Addr)
                   ^~~~~~~~
../src/helloworld.c:58:22: warning: passing argument 1 of 'XUartLite_SendByte' makes integer from pointer without a cast [-Wint-conversion]
   XUartLite_SendByte(baseaddr_p, c); // Echo
                      ^~~~~~~~~~
In file included from ../src/helloworld.c:1:0:
../../uart_interrupts_bsp/microblaze_0/include/xuartlite_l.h:322:6: note: expected 'UINTPTR {aka unsigned int}' but argument is of type 'UINTPTR * {aka unsigned int *}'
 void XUartLite_SendByte(UINTPTR BaseAddress, u8 Data);
      ^~~~~~~~~~~~~~~~~~
../src/helloworld.c: In function 'uart_1_int_handler':
../../uart_interrupts_bsp/microblaze_0/include/xuartlite_l.h:189:17: warning: passing argument 1 of 'Xil_In32' makes integer from pointer without a cast [-Wint-conversion]
  XUartLite_In32((BaseAddress) + (RegOffset))
                 ^
../../uart_interrupts_bsp/microblaze_0/include/xuartlite_l.h:226:3: note: in expansion of macro 'XUartLite_ReadReg'
   XUartLite_ReadReg((BaseAddress), XUL_STATUS_REG_OFFSET)
   ^~~~~~~~~~~~~~~~~
../../uart_interrupts_bsp/microblaze_0/include/xuartlite_l.h:243:5: note: in expansion of macro 'XUartLite_GetStatusReg'
   ((XUartLite_GetStatusReg((BaseAddress)) & XUL_SR_RX_FIFO_VALID_DATA) != \
     ^~~~~~~~~~~~~~~~~~~~~~
../src/helloworld.c:72:10: note: in expansion of macro 'XUartLite_IsReceiveEmpty'
  while (!XUartLite_IsReceiveEmpty(baseaddr_p)) {
          ^~~~~~~~~~~~~~~~~~~~~~~~
In file included from ../../uart_interrupts_bsp/microblaze_0/include/xuartlite_l.h:69:0,
                 from ../src/helloworld.c:1:
../../uart_interrupts_bsp/microblaze_0/include/xil_io.h:147:19: note: expected 'UINTPTR {aka unsigned int}' but argument is of type 'UINTPTR * {aka unsigned int *}'
 static INLINE u32 Xil_In32(UINTPTR Addr)
                   ^~~~~~~~
../src/helloworld.c: In function 'uart_buffered_tx':
../src/helloworld.c:91:35: warning: assignment makes integer from pointer without a cast [-Wint-conversion]
  uart_send_active_device_baseaddr = baseaddr_p;
                                   ^
../src/helloworld.c:95:32: warning: pointer targets in passing argument 1 of 'strlen' differ in signedness [-Wpointer-sign]
  uart_send_buffer_len = strlen(buffer);
                                ^~~~~~
In file included from /home/zach/Xilinx/SDK/2018.3/gnu/microblaze/lin/microblaze-xilinx-elf/include/ctype.h:4:0,
                 from ../../uart_interrupts_bsp/microblaze_0/include/xil_printf.h:8,
                 from ../../uart_interrupts_bsp/microblaze_0/include/xil_io.h:61,
                 from ../../uart_interrupts_bsp/microblaze_0/include/xuartlite_l.h:69,
                 from ../src/helloworld.c:1:
/home/zach/Xilinx/SDK/2018.3/gnu/microblaze/lin/microblaze-xilinx-elf/include/string.h:33:9: note: expected 'const char *' but argument is of type 'unsigned char *'
 size_t  _EXFUN(strlen,(const char *));
         ^
../src/helloworld.c:97:21: warning: implicit declaration of function 'calloc' [-Wimplicit-function-declaration]
  uart_send_buffer = calloc(uart_send_buffer_len + 1, sizeof(unsigned char));
                     ^~~~~~
../src/helloworld.c:97:21: warning: incompatible implicit declaration of built-in function 'calloc'
../src/helloworld.c:97:21: note: include '<stdlib.h>' or provide a declaration of 'calloc'
../src/helloworld.c:98:10: warning: pointer targets in passing argument 1 of 'strncpy' differ in signedness [-Wpointer-sign]
  strncpy(uart_send_buffer, buffer, uart_send_buffer_len);
          ^~~~~~~~~~~~~~~~
In file included from /home/zach/Xilinx/SDK/2018.3/gnu/microblaze/lin/microblaze-xilinx-elf/include/ctype.h:4:0,
                 from ../../uart_interrupts_bsp/microblaze_0/include/xil_printf.h:8,
                 from ../../uart_interrupts_bsp/microblaze_0/include/xil_io.h:61,
                 from ../../uart_interrupts_bsp/microblaze_0/include/xuartlite_l.h:69,
                 from ../src/helloworld.c:1:
/home/zach/Xilinx/SDK/2018.3/gnu/microblaze/lin/microblaze-xilinx-elf/include/string.h:36:8: note: expected 'char * restrict' but argument is of type 'unsigned char *'
 char  *_EXFUN(strncpy,(char *__restrict, const char *__restrict, size_t));
        ^
../src/helloworld.c:98:28: warning: pointer targets in passing argument 2 of 'strncpy' differ in signedness [-Wpointer-sign]
  strncpy(uart_send_buffer, buffer, uart_send_buffer_len);
                            ^~~~~~
In file included from /home/zach/Xilinx/SDK/2018.3/gnu/microblaze/lin/microblaze-xilinx-elf/include/ctype.h:4:0,
                 from ../../uart_interrupts_bsp/microblaze_0/include/xil_printf.h:8,
                 from ../../uart_interrupts_bsp/microblaze_0/include/xil_io.h:61,
                 from ../../uart_interrupts_bsp/microblaze_0/include/xuartlite_l.h:69,
                 from ../src/helloworld.c:1:
/home/zach/Xilinx/SDK/2018.3/gnu/microblaze/lin/microblaze-xilinx-elf/include/string.h:36:8: note: expected 'const char * restrict' but argument is of type 'unsigned char *'
 char  *_EXFUN(strncpy,(char *__restrict, const char *__restrict, size_t));
        ^
../src/helloworld.c:101:3: warning: implicit declaration of function 'uart_buffered_tx_segment'; did you mean 'uart_buffered_tx'? [-Wimplicit-function-declaration]
   uart_buffered_tx_segment(baseaddr_p);
   ^~~~~~~~~~~~~~~~~~~~~~~~
   uart_buffered_tx
../src/helloworld.c: At top level:
../src/helloworld.c:106:6: warning: conflicting types for 'uart_buffered_tx_segment'
 void uart_buffered_tx_segment(void *baseaddr_p) {
      ^~~~~~~~~~~~~~~~~~~~~~~~
../src/helloworld.c:101:3: note: previous implicit declaration of 'uart_buffered_tx_segment' was here
   uart_buffered_tx_segment(baseaddr_p);
   ^~~~~~~~~~~~~~~~~~~~~~~~
In file included from ../src/helloworld.c:1:0:
../src/helloworld.c: In function 'uart_buffered_tx_segment':
../../uart_interrupts_bsp/microblaze_0/include/xuartlite_l.h:189:17: warning: passing argument 1 of 'Xil_In32' makes integer from pointer without a cast [-Wint-conversion]
  XUartLite_In32((BaseAddress) + (RegOffset))
                 ^
../../uart_interrupts_bsp/microblaze_0/include/xuartlite_l.h:226:3: note: in expansion of macro 'XUartLite_ReadReg'
   XUartLite_ReadReg((BaseAddress), XUL_STATUS_REG_OFFSET)
   ^~~~~~~~~~~~~~~~~
../../uart_interrupts_bsp/microblaze_0/include/xuartlite_l.h:261:4: note: in expansion of macro 'XUartLite_GetStatusReg'
  ((XUartLite_GetStatusReg((BaseAddress)) & XUL_SR_TX_FIFO_FULL) == \
    ^~~~~~~~~~~~~~~~~~~~~~
../src/helloworld.c:108:10: note: in expansion of macro 'XUartLite_IsTransmitFull'
  while (!XUartLite_IsTransmitFull(baseaddr_p) && !UART_TX_BUFFER_DONE) {
          ^~~~~~~~~~~~~~~~~~~~~~~~
In file included from ../../uart_interrupts_bsp/microblaze_0/include/xuartlite_l.h:69:0,
                 from ../src/helloworld.c:1:
../../uart_interrupts_bsp/microblaze_0/include/xil_io.h:147:19: note: expected 'UINTPTR {aka unsigned int}' but argument is of type 'void *'
 static INLINE u32 Xil_In32(UINTPTR Addr)
                   ^~~~~~~~
../src/helloworld.c:109:22: warning: passing argument 1 of 'XUartLite_SendByte' makes integer from pointer without a cast [-Wint-conversion]
   XUartLite_SendByte(baseaddr_p, uart_send_buffer[uart_tx_idx++]);
                      ^~~~~~~~~~
In file included from ../src/helloworld.c:1:0:
../../uart_interrupts_bsp/microblaze_0/include/xuartlite_l.h:322:6: note: expected 'UINTPTR {aka unsigned int}' but argument is of type 'void *'
 void XUartLite_SendByte(UINTPTR BaseAddress, u8 Data);
      ^~~~~~~~~~~~~~~~~~
../src/helloworld.c:114:3: warning: implicit declaration of function 'free' [-Wimplicit-function-declaration]
   free(uart_send_buffer);
   ^~~~
../src/helloworld.c:114:3: warning: incompatible implicit declaration of built-in function 'free'
../src/helloworld.c:114:3: note: include '<stdlib.h>' or provide a declaration of 'free'
In file included from ../../uart_interrupts_bsp/microblaze_0/include/xil_printf.h:12:0,
                 from ../../uart_interrupts_bsp/microblaze_0/include/xil_io.h:61,
                 from ../../uart_interrupts_bsp/microblaze_0/include/xuartlite_l.h:69,
                 from ../src/helloworld.c:1:
../src/helloworld.c: In function 'main':
../../uart_interrupts_bsp/microblaze_0/include/xparameters.h:659:38: warning: passing argument 1 of 'print_uart_status' makes pointer from integer without a cast [-Wint-conversion]
 #define XPAR_AXI_UARTLITE_0_BASEADDR 0x40600000
                                      ^
../src/helloworld.c:157:20: note: in expansion of macro 'XPAR_AXI_UARTLITE_0_BASEADDR'
  print_uart_status(XPAR_AXI_UARTLITE_0_BASEADDR);
                    ^~~~~~~~~~~~~~~~~~~~~~~~~~~~
../src/helloworld.c:22:6: note: expected 'UINTPTR * {aka unsigned int *}' but argument is of type 'int'
 void print_uart_status(UINTPTR *baseaddr_p) {
      ^~~~~~~~~~~~~~~~~
../src/helloworld.c:159:19: warning: pointer targets in passing argument 1 of 'uart_buffered_tx' differ in signedness [-Wpointer-sign]
  uart_buffered_tx("Hello world! I'm a super long string! Transmit me, please!\r\n", XPAR_AXI_UARTLITE_0_BASEADDR);
                   ^~~~~~~~~~~~~~~~~~~~~~~~~~~~~~~~~~~~~~~~~~~~~~~~~~~~~~~~~~~~~~~~
../src/helloworld.c:82:6: note: expected 'unsigned char *' but argument is of type 'char *'
 void uart_buffered_tx(unsigned char *buffer, void *baseaddr_p) {
      ^~~~~~~~~~~~~~~~
In file included from ../../uart_interrupts_bsp/microblaze_0/include/xil_printf.h:12:0,
                 from ../../uart_interrupts_bsp/microblaze_0/include/xil_io.h:61,
                 from ../../uart_interrupts_bsp/microblaze_0/include/xuartlite_l.h:69,
                 from ../src/helloworld.c:1:
../../uart_interrupts_bsp/microblaze_0/include/xparameters.h:659:38: warning: passing argument 2 of 'uart_buffered_tx' makes pointer from integer without a cast [-Wint-conversion]
 #define XPAR_AXI_UARTLITE_0_BASEADDR 0x40600000
                                      ^
../src/helloworld.c:159:85: note: in expansion of macro 'XPAR_AXI_UARTLITE_0_BASEADDR'
  uart_buffered_tx("Hello world! I'm a super long string! Transmit me, please!\r\n", XPAR_AXI_UARTLITE_0_BASEADDR);
                                                                                     ^~~~~~~~~~~~~~~~~~~~~~~~~~~~
../src/helloworld.c:82:6: note: expected 'void *' but argument is of type 'int'
 void uart_buffered_tx(unsigned char *buffer, void *baseaddr_p) {
      ^~~~~~~~~~~~~~~~
../src/helloworld.c:160:19: warning: pointer targets in passing argument 1 of 'uart_buffered_tx' differ in signedness [-Wpointer-sign]
  uart_buffered_tx("One sec, gotta transmit a message on UART1.\r\n", XPAR_AXI_UARTLITE_1_BASEADDR);
                   ^~~~~~~~~~~~~~~~~~~~~~~~~~~~~~~~~~~~~~~~~~~~~~~~~
../src/helloworld.c:82:6: note: expected 'unsigned char *' but argument is of type 'char *'
 void uart_buffered_tx(unsigned char *buffer, void *baseaddr_p) {
      ^~~~~~~~~~~~~~~~
In file included from ../../uart_interrupts_bsp/microblaze_0/include/xil_printf.h:12:0,
                 from ../../uart_interrupts_bsp/microblaze_0/include/xil_io.h:61,
                 from ../../uart_interrupts_bsp/microblaze_0/include/xuartlite_l.h:69,
                 from ../src/helloworld.c:1:
../../uart_interrupts_bsp/microblaze_0/include/xparameters.h:669:38: warning: passing argument 2 of 'uart_buffered_tx' makes pointer from integer without a cast [-Wint-conversion]
 #define XPAR_AXI_UARTLITE_1_BASEADDR 0x40610000
                                      ^
../src/helloworld.c:160:70: note: in expansion of macro 'XPAR_AXI_UARTLITE_1_BASEADDR'
  uart_buffered_tx("One sec, gotta transmit a message on UART1.\r\n", XPAR_AXI_UARTLITE_1_BASEADDR);
                                                                      ^~~~~~~~~~~~~~~~~~~~~~~~~~~~
../src/helloworld.c:82:6: note: expected 'void *' but argument is of type 'int'
 void uart_buffered_tx(unsigned char *buffer, void *baseaddr_p) {
      ^~~~~~~~~~~~~~~~
../src/helloworld.c:161:19: warning: pointer targets in passing argument 1 of 'uart_buffered_tx' differ in signedness [-Wpointer-sign]
  uart_buffered_tx("Alright, I'm back, transmitting on UART0.\r\n", XPAR_AXI_UARTLITE_0_BASEADDR);
                   ^~~~~~~~~~~~~~~~~~~~~~~~~~~~~~~~~~~~~~~~~~~~~~~
../src/helloworld.c:82:6: note: expected 'unsigned char *' but argument is of type 'char *'
 void uart_buffered_tx(unsigned char *buffer, void *baseaddr_p) {
      ^~~~~~~~~~~~~~~~
In file included from ../../uart_interrupts_bsp/microblaze_0/include/xil_printf.h:12:0,
                 from ../../uart_interrupts_bsp/microblaze_0/include/xil_io.h:61,
                 from ../../uart_interrupts_bsp/microblaze_0/include/xuartlite_l.h:69,
                 from ../src/helloworld.c:1:
../../uart_interrupts_bsp/microblaze_0/include/xparameters.h:659:38: warning: passing argument 2 of 'uart_buffered_tx' makes pointer from integer without a cast [-Wint-conversion]
 #define XPAR_AXI_UARTLITE_0_BASEADDR 0x40600000
                                      ^
../src/helloworld.c:161:68: note: in expansion of macro 'XPAR_AXI_UARTLITE_0_BASEADDR'
  uart_buffered_tx("Alright, I'm back, transmitting on UART0.\r\n", XPAR_AXI_UARTLITE_0_BASEADDR);
                                                                    ^~~~~~~~~~~~~~~~~~~~~~~~~~~~
../src/helloworld.c:82:6: note: expected 'void *' but argument is of type 'int'
 void uart_buffered_tx(unsigned char *buffer, void *baseaddr_p) {
      ^~~~~~~~~~~~~~~~
In file included from ../../uart_interrupts_bsp/microblaze_0/include/xil_printf.h:12:0,
                 from ../../uart_interrupts_bsp/microblaze_0/include/xil_io.h:61,
                 from ../../uart_interrupts_bsp/microblaze_0/include/xuartlite_l.h:69,
                 from ../src/helloworld.c:1:
../../uart_interrupts_bsp/microblaze_0/include/xparameters.h:659:38: warning: passing argument 1 of 'print_uart_status' makes pointer from integer without a cast [-Wint-conversion]
 #define XPAR_AXI_UARTLITE_0_BASEADDR 0x40600000
                                      ^
../src/helloworld.c:163:20: note: in expansion of macro 'XPAR_AXI_UARTLITE_0_BASEADDR'
  print_uart_status(XPAR_AXI_UARTLITE_0_BASEADDR);
                    ^~~~~~~~~~~~~~~~~~~~~~~~~~~~
../src/helloworld.c:22:6: note: expected 'UINTPTR * {aka unsigned int *}' but argument is of type 'int'
 void print_uart_status(UINTPTR *baseaddr_p) {
      ^~~~~~~~~~~~~~~~~
Finished building: ../src/helloworld.c
 
Building target: uart_interrupts.elf
Invoking: MicroBlaze gcc linker
mb-gcc -Wl,-T -Wl,../src/lscript.ld -L../../uart_interrupts_bsp/microblaze_0/lib -mlittle-endian -mcpu=v11.0 -mxl-soft-mul -Wl,--no-relax -Wl,--gc-sections -o "uart_interrupts.elf"  ./src/helloworld.o ./src/platform.o   -Wl,--start-group,-lxil,-lgcc,-lc,--end-group
Finished building target: uart_interrupts.elf
 
Invoking: MicroBlaze Print Size
mb-size uart_interrupts.elf  |tee "uart_interrupts.elf.size"
   text	   data	    bss	    dec	    hex	filename
  27128	   1380	   3340	  31848	   7c68	uart_interrupts.elf
Finished building: uart_interrupts.elf.size
 
18:54:45 **** Incremental Build of configuration Debug for project uart_interrupts ****
make all 
make: Nothing to be done for `all'.
18:55:48 **** Clean-only build of configuration Debug for project uart_interrupts ****
make clean 
rm -rf  ./src/helloworld.o ./src/platform.o  ./src/helloworld.d ./src/platform.d  uart_interrupts.elf.size  uart_interrupts.elf
 
18:55:48 **** Clean-only build of project uart_interrupts_bsp ****
make -k clean 
make -C microblaze_0/libsrc/standalone_v6_8/src -s clean 
make -C microblaze_0/libsrc/uartlite_v3_2/src -s clean 
make -C microblaze_0/libsrc/bram_v4_2/src -s clean 
make -C microblaze_0/libsrc/cpu_v2_8/src -s clean 
make -C microblaze_0/libsrc/gpio_v4_3/src -s clean 
make -C microblaze_0/libsrc/intc_v3_8/src -s clean 
rm -f microblaze_0/lib/libxil.a
18:55:48 **** Build of project uart_interrupts_bsp ****
make -k all 
Running Make include in microblaze_0/libsrc/standalone_v6_8/src
make -C microblaze_0/libsrc/standalone_v6_8/src -s include  "SHELL=/bin/sh" "COMPILER=mb-gcc" "ARCHIVER=mb-ar" "COMPILER_FLAGS=  -O2 -c -mcpu=v11.0 -mlittle-endian -mxl-soft-mul" "EXTRA_COMPILER_FLAGS=-g3 -O0"
Running Make include in microblaze_0/libsrc/uartlite_v3_2/src
make -C microblaze_0/libsrc/uartlite_v3_2/src -s include  "SHELL=/bin/sh" "COMPILER=mb-gcc" "ARCHIVER=mb-ar" "COMPILER_FLAGS=  -O2 -c -mcpu=v11.0 -mlittle-endian -mxl-soft-mul" "EXTRA_COMPILER_FLAGS=-g3 -O0"
Running Make include in microblaze_0/libsrc/bram_v4_2/src
make -C microblaze_0/libsrc/bram_v4_2/src -s include  "SHELL=/bin/sh" "COMPILER=mb-gcc" "ARCHIVER=mb-ar" "COMPILER_FLAGS=  -O2 -c -mcpu=v11.0 -mlittle-endian -mxl-soft-mul" "EXTRA_COMPILER_FLAGS=-g3 -O0"
Running Make include in microblaze_0/libsrc/cpu_v2_8/src
make -C microblaze_0/libsrc/cpu_v2_8/src -s include  "SHELL=/bin/sh" "COMPILER=mb-gcc" "ARCHIVER=mb-ar" "COMPILER_FLAGS=  -O2 -c -mcpu=v11.0 -mlittle-endian -mxl-soft-mul" "EXTRA_COMPILER_FLAGS=-g3 -O0"
Running Make include in microblaze_0/libsrc/gpio_v4_3/src
make -C microblaze_0/libsrc/gpio_v4_3/src -s include  "SHELL=/bin/sh" "COMPILER=mb-gcc" "ARCHIVER=mb-ar" "COMPILER_FLAGS=  -O2 -c -mcpu=v11.0 -mlittle-endian -mxl-soft-mul" "EXTRA_COMPILER_FLAGS=-g3 -O0"
Running Make include in microblaze_0/libsrc/intc_v3_8/src
make -C microblaze_0/libsrc/intc_v3_8/src -s include  "SHELL=/bin/sh" "COMPILER=mb-gcc" "ARCHIVER=mb-ar" "COMPILER_FLAGS=  -O2 -c -mcpu=v11.0 -mlittle-endian -mxl-soft-mul" "EXTRA_COMPILER_FLAGS=-g3 -O0"
Running Make libs in microblaze_0/libsrc/standalone_v6_8/src
make -C microblaze_0/libsrc/standalone_v6_8/src -s libs  "SHELL=/bin/sh" "COMPILER=mb-gcc" "ARCHIVER=mb-ar" "COMPILER_FLAGS=  -O2 -c -mcpu=v11.0 -mlittle-endian -mxl-soft-mul" "EXTRA_COMPILER_FLAGS=-g3 -O0"
Compiling standalone
microblaze_sleep.c:77:9: note: #pragma message: For the sleep routines, assembly instructions are used
 #pragma message ("For the sleep routines, assembly instructions are used")
         ^~~~~~~
mb-ar: creating ../../../lib/libxil.a
Running Make libs in microblaze_0/libsrc/uartlite_v3_2/src
make -C microblaze_0/libsrc/uartlite_v3_2/src -s libs  "SHELL=/bin/sh" "COMPILER=mb-gcc" "ARCHIVER=mb-ar" "COMPILER_FLAGS=  -O2 -c -mcpu=v11.0 -mlittle-endian -mxl-soft-mul" "EXTRA_COMPILER_FLAGS=-g3 -O0"
Compiling uartlite
Running Make libs in microblaze_0/libsrc/bram_v4_2/src
make -C microblaze_0/libsrc/bram_v4_2/src -s libs  "SHELL=/bin/sh" "COMPILER=mb-gcc" "ARCHIVER=mb-ar" "COMPILER_FLAGS=  -O2 -c -mcpu=v11.0 -mlittle-endian -mxl-soft-mul" "EXTRA_COMPILER_FLAGS=-g3 -O0"
Compiling bram
Running Make libs in microblaze_0/libsrc/cpu_v2_8/src
make -C microblaze_0/libsrc/cpu_v2_8/src -s libs  "SHELL=/bin/sh" "COMPILER=mb-gcc" "ARCHIVER=mb-ar" "COMPILER_FLAGS=  -O2 -c -mcpu=v11.0 -mlittle-endian -mxl-soft-mul" "EXTRA_COMPILER_FLAGS=-g3 -O0"
Compiling cpu
Running Make libs in microblaze_0/libsrc/gpio_v4_3/src
make -C microblaze_0/libsrc/gpio_v4_3/src -s libs  "SHELL=/bin/sh" "COMPILER=mb-gcc" "ARCHIVER=mb-ar" "COMPILER_FLAGS=  -O2 -c -mcpu=v11.0 -mlittle-endian -mxl-soft-mul" "EXTRA_COMPILER_FLAGS=-g3 -O0"
Compiling gpio
Running Make libs in microblaze_0/libsrc/intc_v3_8/src
make -C microblaze_0/libsrc/intc_v3_8/src -s libs  "SHELL=/bin/sh" "COMPILER=mb-gcc" "ARCHIVER=mb-ar" "COMPILER_FLAGS=  -O2 -c -mcpu=v11.0 -mlittle-endian -mxl-soft-mul" "EXTRA_COMPILER_FLAGS=-g3 -O0"
Compiling intc
Finished building libraries
18:55:50 **** Build of configuration Debug for project uart_interrupts ****
make all 
Building file: ../src/helloworld.c
Invoking: MicroBlaze gcc compiler
mb-gcc -DDEBUG_MODE -Wall -O0 -g3 -c -fmessage-length=0 -MT"src/helloworld.o" -I../../uart_interrupts_bsp/microblaze_0/include -mlittle-endian -mcpu=v11.0 -mxl-soft-mul -Wl,--no-relax -ffunction-sections -fdata-sections -MMD -MP -MF"src/helloworld.d" -MT"src/helloworld.o" -o "src/helloworld.o" "../src/helloworld.c"
In file included from ../src/helloworld.c:1:0:
../src/helloworld.c: In function 'print_uart_status':
../../uart_interrupts_bsp/microblaze_0/include/xuartlite_l.h:189:17: warning: passing argument 1 of 'Xil_In32' makes integer from pointer without a cast [-Wint-conversion]
  XUartLite_In32((BaseAddress) + (RegOffset))
                 ^
../../uart_interrupts_bsp/microblaze_0/include/xuartlite_l.h:226:3: note: in expansion of macro 'XUartLite_ReadReg'
   XUartLite_ReadReg((BaseAddress), XUL_STATUS_REG_OFFSET)
   ^~~~~~~~~~~~~~~~~
../src/helloworld.c:23:24: note: in expansion of macro 'XUartLite_GetStatusReg'
  unsigned int status = XUartLite_GetStatusReg(baseaddr_p);
                        ^~~~~~~~~~~~~~~~~~~~~~
In file included from ../../uart_interrupts_bsp/microblaze_0/include/xuartlite_l.h:69:0,
                 from ../src/helloworld.c:1:
../../uart_interrupts_bsp/microblaze_0/include/xil_io.h:147:19: note: expected 'UINTPTR {aka unsigned int}' but argument is of type 'UINTPTR * {aka unsigned int *}'
 static INLINE u32 Xil_In32(UINTPTR Addr)
                   ^~~~~~~~
../src/helloworld.c:31:22: warning: passing argument 1 of 'XUartLite_SendByte' makes integer from pointer without a cast [-Wint-conversion]
   XUartLite_SendByte(baseaddr_p, val);
                      ^~~~~~~~~~
In file included from ../src/helloworld.c:1:0:
../../uart_interrupts_bsp/microblaze_0/include/xuartlite_l.h:322:6: note: expected 'UINTPTR {aka unsigned int}' but argument is of type 'UINTPTR * {aka unsigned int *}'
 void XUartLite_SendByte(UINTPTR BaseAddress, u8 Data);
      ^~~~~~~~~~~~~~~~~~
../src/helloworld.c:33:21: warning: passing argument 1 of 'XUartLite_SendByte' makes integer from pointer without a cast [-Wint-conversion]
  XUartLite_SendByte(baseaddr_p, '\r');
                     ^~~~~~~~~~
In file included from ../src/helloworld.c:1:0:
../../uart_interrupts_bsp/microblaze_0/include/xuartlite_l.h:322:6: note: expected 'UINTPTR {aka unsigned int}' but argument is of type 'UINTPTR * {aka unsigned int *}'
 void XUartLite_SendByte(UINTPTR BaseAddress, u8 Data);
      ^~~~~~~~~~~~~~~~~~
../src/helloworld.c:34:21: warning: passing argument 1 of 'XUartLite_SendByte' makes integer from pointer without a cast [-Wint-conversion]
  XUartLite_SendByte(baseaddr_p, '\n');
                     ^~~~~~~~~~
In file included from ../src/helloworld.c:1:0:
../../uart_interrupts_bsp/microblaze_0/include/xuartlite_l.h:322:6: note: expected 'UINTPTR {aka unsigned int}' but argument is of type 'UINTPTR * {aka unsigned int *}'
 void XUartLite_SendByte(UINTPTR BaseAddress, u8 Data);
      ^~~~~~~~~~~~~~~~~~
../src/helloworld.c: In function 'uart_0_int_handler':
../../uart_interrupts_bsp/microblaze_0/include/xuartlite_l.h:189:17: warning: passing argument 1 of 'Xil_In32' makes integer from pointer without a cast [-Wint-conversion]
  XUartLite_In32((BaseAddress) + (RegOffset))
                 ^
../../uart_interrupts_bsp/microblaze_0/include/xuartlite_l.h:226:3: note: in expansion of macro 'XUartLite_ReadReg'
   XUartLite_ReadReg((BaseAddress), XUL_STATUS_REG_OFFSET)
   ^~~~~~~~~~~~~~~~~
../../uart_interrupts_bsp/microblaze_0/include/xuartlite_l.h:243:5: note: in expansion of macro 'XUartLite_GetStatusReg'
   ((XUartLite_GetStatusReg((BaseAddress)) & XUL_SR_RX_FIFO_VALID_DATA) != \
     ^~~~~~~~~~~~~~~~~~~~~~
../src/helloworld.c:49:10: note: in expansion of macro 'XUartLite_IsReceiveEmpty'
  while (!XUartLite_IsReceiveEmpty(baseaddr_p)) {
          ^~~~~~~~~~~~~~~~~~~~~~~~
In file included from ../../uart_interrupts_bsp/microblaze_0/include/xuartlite_l.h:69:0,
                 from ../src/helloworld.c:1:
../../uart_interrupts_bsp/microblaze_0/include/xil_io.h:147:19: note: expected 'UINTPTR {aka unsigned int}' but argument is of type 'UINTPTR * {aka unsigned int *}'
 static INLINE u32 Xil_In32(UINTPTR Addr)
                   ^~~~~~~~
In file included from ../src/helloworld.c:1:0:
../../uart_interrupts_bsp/microblaze_0/include/xuartlite_l.h:189:17: warning: passing argument 1 of 'Xil_In32' makes integer from pointer without a cast [-Wint-conversion]
  XUartLite_In32((BaseAddress) + (RegOffset))
                 ^
../src/helloworld.c:53:7: note: in expansion of macro 'XUartLite_ReadReg'
   c = XUartLite_ReadReg(baseaddr_p, XUL_RX_FIFO_OFFSET);
       ^~~~~~~~~~~~~~~~~
In file included from ../../uart_interrupts_bsp/microblaze_0/include/xuartlite_l.h:69:0,
                 from ../src/helloworld.c:1:
../../uart_interrupts_bsp/microblaze_0/include/xil_io.h:147:19: note: expected 'UINTPTR {aka unsigned int}' but argument is of type 'UINTPTR * {aka unsigned int *}'
 static INLINE u32 Xil_In32(UINTPTR Addr)
                   ^~~~~~~~
../src/helloworld.c:58:22: warning: passing argument 1 of 'XUartLite_SendByte' makes integer from pointer without a cast [-Wint-conversion]
   XUartLite_SendByte(baseaddr_p, c); // Echo
                      ^~~~~~~~~~
In file included from ../src/helloworld.c:1:0:
../../uart_interrupts_bsp/microblaze_0/include/xuartlite_l.h:322:6: note: expected 'UINTPTR {aka unsigned int}' but argument is of type 'UINTPTR * {aka unsigned int *}'
 void XUartLite_SendByte(UINTPTR BaseAddress, u8 Data);
      ^~~~~~~~~~~~~~~~~~
../src/helloworld.c: In function 'uart_1_int_handler':
../../uart_interrupts_bsp/microblaze_0/include/xuartlite_l.h:189:17: warning: passing argument 1 of 'Xil_In32' makes integer from pointer without a cast [-Wint-conversion]
  XUartLite_In32((BaseAddress) + (RegOffset))
                 ^
../../uart_interrupts_bsp/microblaze_0/include/xuartlite_l.h:226:3: note: in expansion of macro 'XUartLite_ReadReg'
   XUartLite_ReadReg((BaseAddress), XUL_STATUS_REG_OFFSET)
   ^~~~~~~~~~~~~~~~~
../../uart_interrupts_bsp/microblaze_0/include/xuartlite_l.h:243:5: note: in expansion of macro 'XUartLite_GetStatusReg'
   ((XUartLite_GetStatusReg((BaseAddress)) & XUL_SR_RX_FIFO_VALID_DATA) != \
     ^~~~~~~~~~~~~~~~~~~~~~
../src/helloworld.c:72:10: note: in expansion of macro 'XUartLite_IsReceiveEmpty'
  while (!XUartLite_IsReceiveEmpty(baseaddr_p)) {
          ^~~~~~~~~~~~~~~~~~~~~~~~
In file included from ../../uart_interrupts_bsp/microblaze_0/include/xuartlite_l.h:69:0,
                 from ../src/helloworld.c:1:
../../uart_interrupts_bsp/microblaze_0/include/xil_io.h:147:19: note: expected 'UINTPTR {aka unsigned int}' but argument is of type 'UINTPTR * {aka unsigned int *}'
 static INLINE u32 Xil_In32(UINTPTR Addr)
                   ^~~~~~~~
../src/helloworld.c: In function 'uart_buffered_tx':
../src/helloworld.c:91:35: warning: assignment makes integer from pointer without a cast [-Wint-conversion]
  uart_send_active_device_baseaddr = baseaddr_p;
                                   ^
../src/helloworld.c:95:32: warning: pointer targets in passing argument 1 of 'strlen' differ in signedness [-Wpointer-sign]
  uart_send_buffer_len = strlen(buffer);
                                ^~~~~~
In file included from /home/zach/Xilinx/SDK/2018.3/gnu/microblaze/lin/microblaze-xilinx-elf/include/ctype.h:4:0,
                 from ../../uart_interrupts_bsp/microblaze_0/include/xil_printf.h:8,
                 from ../../uart_interrupts_bsp/microblaze_0/include/xil_io.h:61,
                 from ../../uart_interrupts_bsp/microblaze_0/include/xuartlite_l.h:69,
                 from ../src/helloworld.c:1:
/home/zach/Xilinx/SDK/2018.3/gnu/microblaze/lin/microblaze-xilinx-elf/include/string.h:33:9: note: expected 'const char *' but argument is of type 'unsigned char *'
 size_t  _EXFUN(strlen,(const char *));
         ^
../src/helloworld.c:97:21: warning: implicit declaration of function 'calloc' [-Wimplicit-function-declaration]
  uart_send_buffer = calloc(uart_send_buffer_len + 1, sizeof(unsigned char));
                     ^~~~~~
../src/helloworld.c:97:21: warning: incompatible implicit declaration of built-in function 'calloc'
../src/helloworld.c:97:21: note: include '<stdlib.h>' or provide a declaration of 'calloc'
../src/helloworld.c:98:10: warning: pointer targets in passing argument 1 of 'strncpy' differ in signedness [-Wpointer-sign]
  strncpy(uart_send_buffer, buffer, uart_send_buffer_len);
          ^~~~~~~~~~~~~~~~
In file included from /home/zach/Xilinx/SDK/2018.3/gnu/microblaze/lin/microblaze-xilinx-elf/include/ctype.h:4:0,
                 from ../../uart_interrupts_bsp/microblaze_0/include/xil_printf.h:8,
                 from ../../uart_interrupts_bsp/microblaze_0/include/xil_io.h:61,
                 from ../../uart_interrupts_bsp/microblaze_0/include/xuartlite_l.h:69,
                 from ../src/helloworld.c:1:
/home/zach/Xilinx/SDK/2018.3/gnu/microblaze/lin/microblaze-xilinx-elf/include/string.h:36:8: note: expected 'char * restrict' but argument is of type 'unsigned char *'
 char  *_EXFUN(strncpy,(char *__restrict, const char *__restrict, size_t));
        ^
../src/helloworld.c:98:28: warning: pointer targets in passing argument 2 of 'strncpy' differ in signedness [-Wpointer-sign]
  strncpy(uart_send_buffer, buffer, uart_send_buffer_len);
                            ^~~~~~
In file included from /home/zach/Xilinx/SDK/2018.3/gnu/microblaze/lin/microblaze-xilinx-elf/include/ctype.h:4:0,
                 from ../../uart_interrupts_bsp/microblaze_0/include/xil_printf.h:8,
                 from ../../uart_interrupts_bsp/microblaze_0/include/xil_io.h:61,
                 from ../../uart_interrupts_bsp/microblaze_0/include/xuartlite_l.h:69,
                 from ../src/helloworld.c:1:
/home/zach/Xilinx/SDK/2018.3/gnu/microblaze/lin/microblaze-xilinx-elf/include/string.h:36:8: note: expected 'const char * restrict' but argument is of type 'unsigned char *'
 char  *_EXFUN(strncpy,(char *__restrict, const char *__restrict, size_t));
        ^
../src/helloworld.c:101:3: warning: implicit declaration of function 'uart_buffered_tx_segment'; did you mean 'uart_buffered_tx'? [-Wimplicit-function-declaration]
   uart_buffered_tx_segment(baseaddr_p);
   ^~~~~~~~~~~~~~~~~~~~~~~~
   uart_buffered_tx
../src/helloworld.c: At top level:
../src/helloworld.c:106:6: warning: conflicting types for 'uart_buffered_tx_segment'
 void uart_buffered_tx_segment(void *baseaddr_p) {
      ^~~~~~~~~~~~~~~~~~~~~~~~
../src/helloworld.c:101:3: note: previous implicit declaration of 'uart_buffered_tx_segment' was here
   uart_buffered_tx_segment(baseaddr_p);
   ^~~~~~~~~~~~~~~~~~~~~~~~
In file included from ../src/helloworld.c:1:0:
../src/helloworld.c: In function 'uart_buffered_tx_segment':
../../uart_interrupts_bsp/microblaze_0/include/xuartlite_l.h:189:17: warning: passing argument 1 of 'Xil_In32' makes integer from pointer without a cast [-Wint-conversion]
  XUartLite_In32((BaseAddress) + (RegOffset))
                 ^
../../uart_interrupts_bsp/microblaze_0/include/xuartlite_l.h:226:3: note: in expansion of macro 'XUartLite_ReadReg'
   XUartLite_ReadReg((BaseAddress), XUL_STATUS_REG_OFFSET)
   ^~~~~~~~~~~~~~~~~
../../uart_interrupts_bsp/microblaze_0/include/xuartlite_l.h:261:4: note: in expansion of macro 'XUartLite_GetStatusReg'
  ((XUartLite_GetStatusReg((BaseAddress)) & XUL_SR_TX_FIFO_FULL) == \
    ^~~~~~~~~~~~~~~~~~~~~~
../src/helloworld.c:108:10: note: in expansion of macro 'XUartLite_IsTransmitFull'
  while (!XUartLite_IsTransmitFull(baseaddr_p) && !UART_TX_BUFFER_DONE) {
          ^~~~~~~~~~~~~~~~~~~~~~~~
In file included from ../../uart_interrupts_bsp/microblaze_0/include/xuartlite_l.h:69:0,
                 from ../src/helloworld.c:1:
../../uart_interrupts_bsp/microblaze_0/include/xil_io.h:147:19: note: expected 'UINTPTR {aka unsigned int}' but argument is of type 'void *'
 static INLINE u32 Xil_In32(UINTPTR Addr)
                   ^~~~~~~~
../src/helloworld.c:109:22: warning: passing argument 1 of 'XUartLite_SendByte' makes integer from pointer without a cast [-Wint-conversion]
   XUartLite_SendByte(baseaddr_p, uart_send_buffer[uart_tx_idx++]);
                      ^~~~~~~~~~
In file included from ../src/helloworld.c:1:0:
../../uart_interrupts_bsp/microblaze_0/include/xuartlite_l.h:322:6: note: expected 'UINTPTR {aka unsigned int}' but argument is of type 'void *'
 void XUartLite_SendByte(UINTPTR BaseAddress, u8 Data);
      ^~~~~~~~~~~~~~~~~~
../src/helloworld.c:114:3: warning: implicit declaration of function 'free' [-Wimplicit-function-declaration]
   free(uart_send_buffer);
   ^~~~
../src/helloworld.c:114:3: warning: incompatible implicit declaration of built-in function 'free'
../src/helloworld.c:114:3: note: include '<stdlib.h>' or provide a declaration of 'free'
In file included from ../../uart_interrupts_bsp/microblaze_0/include/xil_printf.h:12:0,
                 from ../../uart_interrupts_bsp/microblaze_0/include/xil_io.h:61,
                 from ../../uart_interrupts_bsp/microblaze_0/include/xuartlite_l.h:69,
                 from ../src/helloworld.c:1:
../src/helloworld.c: In function 'main':
../../uart_interrupts_bsp/microblaze_0/include/xparameters.h:659:38: warning: passing argument 1 of 'print_uart_status' makes pointer from integer without a cast [-Wint-conversion]
 #define XPAR_AXI_UARTLITE_0_BASEADDR 0x40600000
                                      ^
../src/helloworld.c:157:20: note: in expansion of macro 'XPAR_AXI_UARTLITE_0_BASEADDR'
  print_uart_status(XPAR_AXI_UARTLITE_0_BASEADDR);
                    ^~~~~~~~~~~~~~~~~~~~~~~~~~~~
../src/helloworld.c:22:6: note: expected 'UINTPTR * {aka unsigned int *}' but argument is of type 'int'
 void print_uart_status(UINTPTR *baseaddr_p) {
      ^~~~~~~~~~~~~~~~~
../src/helloworld.c:159:19: warning: pointer targets in passing argument 1 of 'uart_buffered_tx' differ in signedness [-Wpointer-sign]
  uart_buffered_tx("Hello world! I'm a super long string! Transmit me, please!\r\n", XPAR_AXI_UARTLITE_0_BASEADDR);
                   ^~~~~~~~~~~~~~~~~~~~~~~~~~~~~~~~~~~~~~~~~~~~~~~~~~~~~~~~~~~~~~~~
../src/helloworld.c:82:6: note: expected 'unsigned char *' but argument is of type 'char *'
 void uart_buffered_tx(unsigned char *buffer, void *baseaddr_p) {
      ^~~~~~~~~~~~~~~~
In file included from ../../uart_interrupts_bsp/microblaze_0/include/xil_printf.h:12:0,
                 from ../../uart_interrupts_bsp/microblaze_0/include/xil_io.h:61,
                 from ../../uart_interrupts_bsp/microblaze_0/include/xuartlite_l.h:69,
                 from ../src/helloworld.c:1:
../../uart_interrupts_bsp/microblaze_0/include/xparameters.h:659:38: warning: passing argument 2 of 'uart_buffered_tx' makes pointer from integer without a cast [-Wint-conversion]
 #define XPAR_AXI_UARTLITE_0_BASEADDR 0x40600000
                                      ^
../src/helloworld.c:159:85: note: in expansion of macro 'XPAR_AXI_UARTLITE_0_BASEADDR'
  uart_buffered_tx("Hello world! I'm a super long string! Transmit me, please!\r\n", XPAR_AXI_UARTLITE_0_BASEADDR);
                                                                                     ^~~~~~~~~~~~~~~~~~~~~~~~~~~~
../src/helloworld.c:82:6: note: expected 'void *' but argument is of type 'int'
 void uart_buffered_tx(unsigned char *buffer, void *baseaddr_p) {
      ^~~~~~~~~~~~~~~~
../src/helloworld.c:160:19: warning: pointer targets in passing argument 1 of 'uart_buffered_tx' differ in signedness [-Wpointer-sign]
  uart_buffered_tx("One sec, gotta transmit a message on UART1.\r\n", XPAR_AXI_UARTLITE_1_BASEADDR);
                   ^~~~~~~~~~~~~~~~~~~~~~~~~~~~~~~~~~~~~~~~~~~~~~~~~
../src/helloworld.c:82:6: note: expected 'unsigned char *' but argument is of type 'char *'
 void uart_buffered_tx(unsigned char *buffer, void *baseaddr_p) {
      ^~~~~~~~~~~~~~~~
In file included from ../../uart_interrupts_bsp/microblaze_0/include/xil_printf.h:12:0,
                 from ../../uart_interrupts_bsp/microblaze_0/include/xil_io.h:61,
                 from ../../uart_interrupts_bsp/microblaze_0/include/xuartlite_l.h:69,
                 from ../src/helloworld.c:1:
../../uart_interrupts_bsp/microblaze_0/include/xparameters.h:669:38: warning: passing argument 2 of 'uart_buffered_tx' makes pointer from integer without a cast [-Wint-conversion]
 #define XPAR_AXI_UARTLITE_1_BASEADDR 0x40610000
                                      ^
../src/helloworld.c:160:70: note: in expansion of macro 'XPAR_AXI_UARTLITE_1_BASEADDR'
  uart_buffered_tx("One sec, gotta transmit a message on UART1.\r\n", XPAR_AXI_UARTLITE_1_BASEADDR);
                                                                      ^~~~~~~~~~~~~~~~~~~~~~~~~~~~
../src/helloworld.c:82:6: note: expected 'void *' but argument is of type 'int'
 void uart_buffered_tx(unsigned char *buffer, void *baseaddr_p) {
      ^~~~~~~~~~~~~~~~
../src/helloworld.c:161:19: warning: pointer targets in passing argument 1 of 'uart_buffered_tx' differ in signedness [-Wpointer-sign]
  uart_buffered_tx("Alright, I'm back, transmitting on UART0.\r\n", XPAR_AXI_UARTLITE_0_BASEADDR);
                   ^~~~~~~~~~~~~~~~~~~~~~~~~~~~~~~~~~~~~~~~~~~~~~~
../src/helloworld.c:82:6: note: expected 'unsigned char *' but argument is of type 'char *'
 void uart_buffered_tx(unsigned char *buffer, void *baseaddr_p) {
      ^~~~~~~~~~~~~~~~
In file included from ../../uart_interrupts_bsp/microblaze_0/include/xil_printf.h:12:0,
                 from ../../uart_interrupts_bsp/microblaze_0/include/xil_io.h:61,
                 from ../../uart_interrupts_bsp/microblaze_0/include/xuartlite_l.h:69,
                 from ../src/helloworld.c:1:
../../uart_interrupts_bsp/microblaze_0/include/xparameters.h:659:38: warning: passing argument 2 of 'uart_buffered_tx' makes pointer from integer without a cast [-Wint-conversion]
Finished building: ../src/helloworld.c
 #define XPAR_AXI_UARTLITE_0_BASEADDR 0x40600000
                                      ^
../src/helloworld.c:161:68: note: in expansion of macro 'XPAR_AXI_UARTLITE_0_BASEADDR'
 
Building file: ../src/platform.c
Invoking: MicroBlaze gcc compiler
  uart_buffered_tx("Alright, I'm back, transmitting on UART0.\r\n", XPAR_AXI_UARTLITE_0_BASEADDR);
mb-gcc -DDEBUG_MODE -Wall -O0 -g3 -c -fmessage-length=0 -MT"src/platform.o" -I../../uart_interrupts_bsp/microblaze_0/include -mlittle-endian -mcpu=v11.0 -mxl-soft-mul -Wl,--no-relax -ffunction-sections -fdata-sections -MMD -MP -MF"src/platform.d" -MT"src/platform.o" -o "src/platform.o" "../src/platform.c"
                                                                    ^~~~~~~~~~~~~~~~~~~~~~~~~~~~
../src/helloworld.c:82:6: note: expected 'void *' but argument is of type 'int'
 void uart_buffered_tx(unsigned char *buffer, void *baseaddr_p) {
      ^~~~~~~~~~~~~~~~
In file included from ../../uart_interrupts_bsp/microblaze_0/include/xil_printf.h:12:0,
                 from ../../uart_interrupts_bsp/microblaze_0/include/xil_io.h:61,
                 from ../../uart_interrupts_bsp/microblaze_0/include/xuartlite_l.h:69,
                 from ../src/helloworld.c:1:
../../uart_interrupts_bsp/microblaze_0/include/xparameters.h:659:38: warning: passing argument 1 of 'print_uart_status' makes pointer from integer without a cast [-Wint-conversion]
 #define XPAR_AXI_UARTLITE_0_BASEADDR 0x40600000
                                      ^
../src/helloworld.c:163:20: note: in expansion of macro 'XPAR_AXI_UARTLITE_0_BASEADDR'
  print_uart_status(XPAR_AXI_UARTLITE_0_BASEADDR);
                    ^~~~~~~~~~~~~~~~~~~~~~~~~~~~
../src/helloworld.c:22:6: note: expected 'UINTPTR * {aka unsigned int *}' but argument is of type 'int'
 void print_uart_status(UINTPTR *baseaddr_p) {
      ^~~~~~~~~~~~~~~~~
Finished building: ../src/platform.c
 
Building target: uart_interrupts.elf
Invoking: MicroBlaze gcc linker
mb-gcc -Wl,-T -Wl,../src/lscript.ld -L../../uart_interrupts_bsp/microblaze_0/lib -mlittle-endian -mcpu=v11.0 -mxl-soft-mul -Wl,--no-relax -Wl,--gc-sections -o "uart_interrupts.elf"  ./src/helloworld.o ./src/platform.o   -Wl,--start-group,-lxil,-lgcc,-lc,--end-group
Finished building target: uart_interrupts.elf
 
Invoking: MicroBlaze Print Size
mb-size uart_interrupts.elf  |tee "uart_interrupts.elf.size"
   text	   data	    bss	    dec	    hex	filename
  27128	   1380	   3340	  31848	   7c68	uart_interrupts.elf
Finished building: uart_interrupts.elf.size
 
18:55:57 **** Incremental Build of configuration Debug for project uart_interrupts ****
make all 
make: Nothing to be done for `all'.
18:57:11 **** Auto Build of configuration Debug for project uart_interrupts ****
make all 
Building file: ../src/helloworld.c
Invoking: MicroBlaze gcc compiler
mb-gcc -DDEBUG_MODE -Wall -O0 -g3 -c -fmessage-length=0 -MT"src/helloworld.o" -I../../uart_interrupts_bsp/microblaze_0/include -mlittle-endian -mcpu=v11.0 -mxl-soft-mul -Wl,--no-relax -ffunction-sections -fdata-sections -MMD -MP -MF"src/helloworld.d" -MT"src/helloworld.o" -o "src/helloworld.o" "../src/helloworld.c"
In file included from ../src/helloworld.c:1:0:
../src/helloworld.c: In function 'print_uart_status':
../../uart_interrupts_bsp/microblaze_0/include/xuartlite_l.h:189:17: warning: passing argument 1 of 'Xil_In32' makes integer from pointer without a cast [-Wint-conversion]
  XUartLite_In32((BaseAddress) + (RegOffset))
                 ^
../../uart_interrupts_bsp/microblaze_0/include/xuartlite_l.h:226:3: note: in expansion of macro 'XUartLite_ReadReg'
   XUartLite_ReadReg((BaseAddress), XUL_STATUS_REG_OFFSET)
   ^~~~~~~~~~~~~~~~~
../src/helloworld.c:23:24: note: in expansion of macro 'XUartLite_GetStatusReg'
  unsigned int status = XUartLite_GetStatusReg(baseaddr_p);
                        ^~~~~~~~~~~~~~~~~~~~~~
In file included from ../../uart_interrupts_bsp/microblaze_0/include/xuartlite_l.h:69:0,
                 from ../src/helloworld.c:1:
../../uart_interrupts_bsp/microblaze_0/include/xil_io.h:147:19: note: expected 'UINTPTR {aka unsigned int}' but argument is of type 'UINTPTR * {aka unsigned int *}'
 static INLINE u32 Xil_In32(UINTPTR Addr)
                   ^~~~~~~~
../src/helloworld.c:31:22: warning: passing argument 1 of 'XUartLite_SendByte' makes integer from pointer without a cast [-Wint-conversion]
   XUartLite_SendByte(baseaddr_p, val);
                      ^~~~~~~~~~
In file included from ../src/helloworld.c:1:0:
../../uart_interrupts_bsp/microblaze_0/include/xuartlite_l.h:322:6: note: expected 'UINTPTR {aka unsigned int}' but argument is of type 'UINTPTR * {aka unsigned int *}'
 void XUartLite_SendByte(UINTPTR BaseAddress, u8 Data);
      ^~~~~~~~~~~~~~~~~~
../src/helloworld.c:33:21: warning: passing argument 1 of 'XUartLite_SendByte' makes integer from pointer without a cast [-Wint-conversion]
  XUartLite_SendByte(baseaddr_p, '\r');
                     ^~~~~~~~~~
In file included from ../src/helloworld.c:1:0:
../../uart_interrupts_bsp/microblaze_0/include/xuartlite_l.h:322:6: note: expected 'UINTPTR {aka unsigned int}' but argument is of type 'UINTPTR * {aka unsigned int *}'
 void XUartLite_SendByte(UINTPTR BaseAddress, u8 Data);
      ^~~~~~~~~~~~~~~~~~
../src/helloworld.c:34:21: warning: passing argument 1 of 'XUartLite_SendByte' makes integer from pointer without a cast [-Wint-conversion]
  XUartLite_SendByte(baseaddr_p, '\n');
                     ^~~~~~~~~~
In file included from ../src/helloworld.c:1:0:
../../uart_interrupts_bsp/microblaze_0/include/xuartlite_l.h:322:6: note: expected 'UINTPTR {aka unsigned int}' but argument is of type 'UINTPTR * {aka unsigned int *}'
 void XUartLite_SendByte(UINTPTR BaseAddress, u8 Data);
      ^~~~~~~~~~~~~~~~~~
../src/helloworld.c: In function 'uart_0_int_handler':
../src/helloworld.c:50:20: warning: passing argument 1 of 'Xil_In32' makes integer from pointer without a cast [-Wint-conversion]
  while(!((Xil_In32((((baseaddr_p))) + (2)) & 0x01) != 0x01)) {
                    ^
In file included from ../../uart_interrupts_bsp/microblaze_0/include/xuartlite_l.h:69:0,
                 from ../src/helloworld.c:1:
../../uart_interrupts_bsp/microblaze_0/include/xil_io.h:147:19: note: expected 'UINTPTR {aka unsigned int}' but argument is of type 'UINTPTR * {aka unsigned int *}'
 static INLINE u32 Xil_In32(UINTPTR Addr)
                   ^~~~~~~~
In file included from ../src/helloworld.c:1:0:
../../uart_interrupts_bsp/microblaze_0/include/xuartlite_l.h:189:17: warning: passing argument 1 of 'Xil_In32' makes integer from pointer without a cast [-Wint-conversion]
  XUartLite_In32((BaseAddress) + (RegOffset))
                 ^
../src/helloworld.c:53:7: note: in expansion of macro 'XUartLite_ReadReg'
   c = XUartLite_ReadReg(baseaddr_p, XUL_RX_FIFO_OFFSET);
       ^~~~~~~~~~~~~~~~~
In file included from ../../uart_interrupts_bsp/microblaze_0/include/xuartlite_l.h:69:0,
                 from ../src/helloworld.c:1:
../../uart_interrupts_bsp/microblaze_0/include/xil_io.h:147:19: note: expected 'UINTPTR {aka unsigned int}' but argument is of type 'UINTPTR * {aka unsigned int *}'
 static INLINE u32 Xil_In32(UINTPTR Addr)
                   ^~~~~~~~
../src/helloworld.c:58:22: warning: passing argument 1 of 'XUartLite_SendByte' makes integer from pointer without a cast [-Wint-conversion]
   XUartLite_SendByte(baseaddr_p, c); // Echo
                      ^~~~~~~~~~
In file included from ../src/helloworld.c:1:0:
../../uart_interrupts_bsp/microblaze_0/include/xuartlite_l.h:322:6: note: expected 'UINTPTR {aka unsigned int}' but argument is of type 'UINTPTR * {aka unsigned int *}'
 void XUartLite_SendByte(UINTPTR BaseAddress, u8 Data);
      ^~~~~~~~~~~~~~~~~~
../src/helloworld.c: In function 'uart_1_int_handler':
../../uart_interrupts_bsp/microblaze_0/include/xuartlite_l.h:189:17: warning: passing argument 1 of 'Xil_In32' makes integer from pointer without a cast [-Wint-conversion]
  XUartLite_In32((BaseAddress) + (RegOffset))
                 ^
../../uart_interrupts_bsp/microblaze_0/include/xuartlite_l.h:226:3: note: in expansion of macro 'XUartLite_ReadReg'
   XUartLite_ReadReg((BaseAddress), XUL_STATUS_REG_OFFSET)
   ^~~~~~~~~~~~~~~~~
../../uart_interrupts_bsp/microblaze_0/include/xuartlite_l.h:243:5: note: in expansion of macro 'XUartLite_GetStatusReg'
   ((XUartLite_GetStatusReg((BaseAddress)) & XUL_SR_RX_FIFO_VALID_DATA) != \
     ^~~~~~~~~~~~~~~~~~~~~~
../src/helloworld.c:72:10: note: in expansion of macro 'XUartLite_IsReceiveEmpty'
  while (!XUartLite_IsReceiveEmpty(baseaddr_p)) {
          ^~~~~~~~~~~~~~~~~~~~~~~~
In file included from ../../uart_interrupts_bsp/microblaze_0/include/xuartlite_l.h:69:0,
                 from ../src/helloworld.c:1:
../../uart_interrupts_bsp/microblaze_0/include/xil_io.h:147:19: note: expected 'UINTPTR {aka unsigned int}' but argument is of type 'UINTPTR * {aka unsigned int *}'
 static INLINE u32 Xil_In32(UINTPTR Addr)
                   ^~~~~~~~
../src/helloworld.c: In function 'uart_buffered_tx':
../src/helloworld.c:91:35: warning: assignment makes integer from pointer without a cast [-Wint-conversion]
  uart_send_active_device_baseaddr = baseaddr_p;
                                   ^
../src/helloworld.c:95:32: warning: pointer targets in passing argument 1 of 'strlen' differ in signedness [-Wpointer-sign]
  uart_send_buffer_len = strlen(buffer);
                                ^~~~~~
In file included from /home/zach/Xilinx/SDK/2018.3/gnu/microblaze/lin/microblaze-xilinx-elf/include/ctype.h:4:0,
                 from ../../uart_interrupts_bsp/microblaze_0/include/xil_printf.h:8,
                 from ../../uart_interrupts_bsp/microblaze_0/include/xil_io.h:61,
                 from ../../uart_interrupts_bsp/microblaze_0/include/xuartlite_l.h:69,
                 from ../src/helloworld.c:1:
/home/zach/Xilinx/SDK/2018.3/gnu/microblaze/lin/microblaze-xilinx-elf/include/string.h:33:9: note: expected 'const char *' but argument is of type 'unsigned char *'
 size_t  _EXFUN(strlen,(const char *));
         ^
../src/helloworld.c:97:21: warning: implicit declaration of function 'calloc' [-Wimplicit-function-declaration]
  uart_send_buffer = calloc(uart_send_buffer_len + 1, sizeof(unsigned char));
                     ^~~~~~
../src/helloworld.c:97:21: warning: incompatible implicit declaration of built-in function 'calloc'
../src/helloworld.c:97:21: note: include '<stdlib.h>' or provide a declaration of 'calloc'
../src/helloworld.c:98:10: warning: pointer targets in passing argument 1 of 'strncpy' differ in signedness [-Wpointer-sign]
  strncpy(uart_send_buffer, buffer, uart_send_buffer_len);
          ^~~~~~~~~~~~~~~~
In file included from /home/zach/Xilinx/SDK/2018.3/gnu/microblaze/lin/microblaze-xilinx-elf/include/ctype.h:4:0,
                 from ../../uart_interrupts_bsp/microblaze_0/include/xil_printf.h:8,
                 from ../../uart_interrupts_bsp/microblaze_0/include/xil_io.h:61,
                 from ../../uart_interrupts_bsp/microblaze_0/include/xuartlite_l.h:69,
                 from ../src/helloworld.c:1:
/home/zach/Xilinx/SDK/2018.3/gnu/microblaze/lin/microblaze-xilinx-elf/include/string.h:36:8: note: expected 'char * restrict' but argument is of type 'unsigned char *'
 char  *_EXFUN(strncpy,(char *__restrict, const char *__restrict, size_t));
        ^
../src/helloworld.c:98:28: warning: pointer targets in passing argument 2 of 'strncpy' differ in signedness [-Wpointer-sign]
  strncpy(uart_send_buffer, buffer, uart_send_buffer_len);
                            ^~~~~~
In file included from /home/zach/Xilinx/SDK/2018.3/gnu/microblaze/lin/microblaze-xilinx-elf/include/ctype.h:4:0,
                 from ../../uart_interrupts_bsp/microblaze_0/include/xil_printf.h:8,
                 from ../../uart_interrupts_bsp/microblaze_0/include/xil_io.h:61,
                 from ../../uart_interrupts_bsp/microblaze_0/include/xuartlite_l.h:69,
                 from ../src/helloworld.c:1:
/home/zach/Xilinx/SDK/2018.3/gnu/microblaze/lin/microblaze-xilinx-elf/include/string.h:36:8: note: expected 'const char * restrict' but argument is of type 'unsigned char *'
 char  *_EXFUN(strncpy,(char *__restrict, const char *__restrict, size_t));
        ^
../src/helloworld.c:101:3: warning: implicit declaration of function 'uart_buffered_tx_segment'; did you mean 'uart_buffered_tx'? [-Wimplicit-function-declaration]
   uart_buffered_tx_segment(baseaddr_p);
   ^~~~~~~~~~~~~~~~~~~~~~~~
   uart_buffered_tx
../src/helloworld.c: At top level:
../src/helloworld.c:106:6: warning: conflicting types for 'uart_buffered_tx_segment'
 void uart_buffered_tx_segment(void *baseaddr_p) {
      ^~~~~~~~~~~~~~~~~~~~~~~~
../src/helloworld.c:101:3: note: previous implicit declaration of 'uart_buffered_tx_segment' was here
   uart_buffered_tx_segment(baseaddr_p);
   ^~~~~~~~~~~~~~~~~~~~~~~~
In file included from ../src/helloworld.c:1:0:
../src/helloworld.c: In function 'uart_buffered_tx_segment':
../../uart_interrupts_bsp/microblaze_0/include/xuartlite_l.h:189:17: warning: passing argument 1 of 'Xil_In32' makes integer from pointer without a cast [-Wint-conversion]
  XUartLite_In32((BaseAddress) + (RegOffset))
                 ^
../../uart_interrupts_bsp/microblaze_0/include/xuartlite_l.h:226:3: note: in expansion of macro 'XUartLite_ReadReg'
   XUartLite_ReadReg((BaseAddress), XUL_STATUS_REG_OFFSET)
   ^~~~~~~~~~~~~~~~~
../../uart_interrupts_bsp/microblaze_0/include/xuartlite_l.h:261:4: note: in expansion of macro 'XUartLite_GetStatusReg'
  ((XUartLite_GetStatusReg((BaseAddress)) & XUL_SR_TX_FIFO_FULL) == \
    ^~~~~~~~~~~~~~~~~~~~~~
../src/helloworld.c:108:10: note: in expansion of macro 'XUartLite_IsTransmitFull'
  while (!XUartLite_IsTransmitFull(baseaddr_p) && !UART_TX_BUFFER_DONE) {
          ^~~~~~~~~~~~~~~~~~~~~~~~
In file included from ../../uart_interrupts_bsp/microblaze_0/include/xuartlite_l.h:69:0,
                 from ../src/helloworld.c:1:
../../uart_interrupts_bsp/microblaze_0/include/xil_io.h:147:19: note: expected 'UINTPTR {aka unsigned int}' but argument is of type 'void *'
 static INLINE u32 Xil_In32(UINTPTR Addr)
                   ^~~~~~~~
../src/helloworld.c:109:22: warning: passing argument 1 of 'XUartLite_SendByte' makes integer from pointer without a cast [-Wint-conversion]
   XUartLite_SendByte(baseaddr_p, uart_send_buffer[uart_tx_idx++]);
                      ^~~~~~~~~~
In file included from ../src/helloworld.c:1:0:
../../uart_interrupts_bsp/microblaze_0/include/xuartlite_l.h:322:6: note: expected 'UINTPTR {aka unsigned int}' but argument is of type 'void *'
 void XUartLite_SendByte(UINTPTR BaseAddress, u8 Data);
      ^~~~~~~~~~~~~~~~~~
../src/helloworld.c:114:3: warning: implicit declaration of function 'free' [-Wimplicit-function-declaration]
   free(uart_send_buffer);
   ^~~~
../src/helloworld.c:114:3: warning: incompatible implicit declaration of built-in function 'free'
../src/helloworld.c:114:3: note: include '<stdlib.h>' or provide a declaration of 'free'
In file included from ../../uart_interrupts_bsp/microblaze_0/include/xil_printf.h:12:0,
                 from ../../uart_interrupts_bsp/microblaze_0/include/xil_io.h:61,
                 from ../../uart_interrupts_bsp/microblaze_0/include/xuartlite_l.h:69,
                 from ../src/helloworld.c:1:
../src/helloworld.c: In function 'main':
../../uart_interrupts_bsp/microblaze_0/include/xparameters.h:659:38: warning: passing argument 1 of 'print_uart_status' makes pointer from integer without a cast [-Wint-conversion]
 #define XPAR_AXI_UARTLITE_0_BASEADDR 0x40600000
                                      ^
../src/helloworld.c:157:20: note: in expansion of macro 'XPAR_AXI_UARTLITE_0_BASEADDR'
  print_uart_status(XPAR_AXI_UARTLITE_0_BASEADDR);
                    ^~~~~~~~~~~~~~~~~~~~~~~~~~~~
../src/helloworld.c:22:6: note: expected 'UINTPTR * {aka unsigned int *}' but argument is of type 'int'
 void print_uart_status(UINTPTR *baseaddr_p) {
      ^~~~~~~~~~~~~~~~~
../src/helloworld.c:159:19: warning: pointer targets in passing argument 1 of 'uart_buffered_tx' differ in signedness [-Wpointer-sign]
  uart_buffered_tx("Hello world! I'm a super long string! Transmit me, please!\r\n", XPAR_AXI_UARTLITE_0_BASEADDR);
                   ^~~~~~~~~~~~~~~~~~~~~~~~~~~~~~~~~~~~~~~~~~~~~~~~~~~~~~~~~~~~~~~~
../src/helloworld.c:82:6: note: expected 'unsigned char *' but argument is of type 'char *'
 void uart_buffered_tx(unsigned char *buffer, void *baseaddr_p) {
      ^~~~~~~~~~~~~~~~
In file included from ../../uart_interrupts_bsp/microblaze_0/include/xil_printf.h:12:0,
                 from ../../uart_interrupts_bsp/microblaze_0/include/xil_io.h:61,
                 from ../../uart_interrupts_bsp/microblaze_0/include/xuartlite_l.h:69,
                 from ../src/helloworld.c:1:
../../uart_interrupts_bsp/microblaze_0/include/xparameters.h:659:38: warning: passing argument 2 of 'uart_buffered_tx' makes pointer from integer without a cast [-Wint-conversion]
 #define XPAR_AXI_UARTLITE_0_BASEADDR 0x40600000
[...]
   free(uart_send_buffer);
   ^~~~
../src/helloworld.c:71:3: warning: incompatible implicit declaration of built-in function 'free'
../src/helloworld.c:71:3: note: include '<stdlib.h>' or provide a declaration of 'free'
../src/helloworld.c: In function 'main':
../src/helloworld.c:114:19: warning: pointer targets in passing argument 1 of 'uart_buffered_tx' differ in signedness [-Wpointer-sign]
  uart_buffered_tx("Hello world! I'm a super long string! Transmit me, please!\r\n", XPAR_AXI_UARTLITE_0_BASEADDR);
                   ^~~~~~~~~~~~~~~~~~~~~~~~~~~~~~~~~~~~~~~~~~~~~~~~~~~~~~~~~~~~~~~~
../src/helloworld.c:39:6: note: expected 'unsigned char *' but argument is of type 'char *'
 void uart_buffered_tx(unsigned char *buffer, void *baseaddr_p) {
      ^~~~~~~~~~~~~~~~
In file included from ../../uart_interrupts_bsp/microblaze_0/include/xil_printf.h:12:0,
                 from ../../uart_interrupts_bsp/microblaze_0/include/xil_io.h:61,
                 from ../../uart_interrupts_bsp/microblaze_0/include/xuartlite_l.h:69,
                 from ../src/helloworld.c:1:
../../uart_interrupts_bsp/microblaze_0/include/xparameters.h:659:38: warning: passing argument 2 of 'uart_buffered_tx' makes pointer from integer without a cast [-Wint-conversion]
 #define XPAR_AXI_UARTLITE_0_BASEADDR 0x40600000
                                      ^
../src/helloworld.c:114:85: note: in expansion of macro 'XPAR_AXI_UARTLITE_0_BASEADDR'
  uart_buffered_tx("Hello world! I'm a super long string! Transmit me, please!\r\n", XPAR_AXI_UARTLITE_0_BASEADDR);
                                                                                     ^~~~~~~~~~~~~~~~~~~~~~~~~~~~
../src/helloworld.c:39:6: note: expected 'void *' but argument is of type 'int'
 void uart_buffered_tx(unsigned char *buffer, void *baseaddr_p) {
      ^~~~~~~~~~~~~~~~
../src/helloworld.c:115:19: warning: pointer targets in passing argument 1 of 'uart_buffered_tx' differ in signedness [-Wpointer-sign]
  uart_buffered_tx("One sec, gotta transmit a message on UART1.\r\n", XPAR_AXI_UARTLITE_1_BASEADDR);
                   ^~~~~~~~~~~~~~~~~~~~~~~~~~~~~~~~~~~~~~~~~~~~~~~~~
../src/helloworld.c:39:6: note: expected 'unsigned char *' but argument is of type 'char *'
 void uart_buffered_tx(unsigned char *buffer, void *baseaddr_p) {
      ^~~~~~~~~~~~~~~~
In file included from ../../uart_interrupts_bsp/microblaze_0/include/xil_printf.h:12:0,
                 from ../../uart_interrupts_bsp/microblaze_0/include/xil_io.h:61,
                 from ../../uart_interrupts_bsp/microblaze_0/include/xuartlite_l.h:69,
                 from ../src/helloworld.c:1:
../../uart_interrupts_bsp/microblaze_0/include/xparameters.h:669:38: warning: passing argument 2 of 'uart_buffered_tx' makes pointer from integer without a cast [-Wint-conversion]
 #define XPAR_AXI_UARTLITE_1_BASEADDR 0x40610000
                                      ^
../src/helloworld.c:115:70: note: in expansion of macro 'XPAR_AXI_UARTLITE_1_BASEADDR'
  uart_buffered_tx("One sec, gotta transmit a message on UART1.\r\n", XPAR_AXI_UARTLITE_1_BASEADDR);
                                                                      ^~~~~~~~~~~~~~~~~~~~~~~~~~~~
../src/helloworld.c:39:6: note: expected 'void *' but argument is of type 'int'
 void uart_buffered_tx(unsigned char *buffer, void *baseaddr_p) {
      ^~~~~~~~~~~~~~~~
../src/helloworld.c:116:19: warning: pointer targets in passing argument 1 of 'uart_buffered_tx' differ in signedness [-Wpointer-sign]
  uart_buffered_tx("Alright, I'm back, transmitting on UART0.\r\n", XPAR_AXI_UARTLITE_0_BASEADDR);
                   ^~~~~~~~~~~~~~~~~~~~~~~~~~~~~~~~~~~~~~~~~~~~~~~
../src/helloworld.c:39:6: note: expected 'unsigned char *' but argument is of type 'char *'
 void uart_buffered_tx(unsigned char *buffer, void *baseaddr_p) {
      ^~~~~~~~~~~~~~~~
In file included from ../../uart_interrupts_bsp/microblaze_0/include/xil_printf.h:12:0,
                 from ../../uart_interrupts_bsp/microblaze_0/include/xil_io.h:61,
                 from ../../uart_interrupts_bsp/microblaze_0/include/xuartlite_l.h:69,
                 from ../src/helloworld.c:1:
../../uart_interrupts_bsp/microblaze_0/include/xparameters.h:659:38: warning: passing argument 2 of 'uart_buffered_tx' makes pointer from integer without a cast [-Wint-conversion]
 #define XPAR_AXI_UARTLITE_0_BASEADDR 0x40600000
                                      ^
../src/helloworld.c:116:68: note: in expansion of macro 'XPAR_AXI_UARTLITE_0_BASEADDR'
  uart_buffered_tx("Alright, I'm back, transmitting on UART0.\r\n", XPAR_AXI_UARTLITE_0_BASEADDR);
                                                                    ^~~~~~~~~~~~~~~~~~~~~~~~~~~~
../src/helloworld.c:39:6: note: expected 'void *' but argument is of type 'int'
 void uart_buffered_tx(unsigned char *buffer, void *baseaddr_p) {
      ^~~~~~~~~~~~~~~~
Finished building: ../src/helloworld.c
 
Building target: uart_interrupts.elf
Invoking: MicroBlaze gcc linker
mb-gcc -Wl,-T -Wl,../src/lscript.ld -L../../uart_interrupts_bsp/microblaze_0/lib -mlittle-endian -mcpu=v11.0 -mxl-soft-mul -Wl,--no-relax -Wl,--gc-sections -o "uart_interrupts.elf"  ./src/helloworld.o ./src/platform.o   -Wl,--start-group,-lxil,-lgcc,-lc,--end-group
Finished building target: uart_interrupts.elf
 
Invoking: MicroBlaze Print Size
mb-size uart_interrupts.elf  |tee "uart_interrupts.elf.size"
   text	   data	    bss	    dec	    hex	filename
  26688	   1380	   3340	  31408	   7ab0	uart_interrupts.elf
Finished building: uart_interrupts.elf.size
 
01:05:43 **** Auto Build of configuration Debug for project uart_interrupts ****
make all 
Building file: ../src/helloworld.c
Invoking: MicroBlaze gcc compiler
mb-gcc -DDEBUG_MODE -Wall -O0 -g3 -c -fmessage-length=0 -MT"src/helloworld.o" -I../../uart_interrupts_bsp/microblaze_0/include -mlittle-endian -mcpu=v11.0 -mxl-soft-mul -Wl,--no-relax -ffunction-sections -fdata-sections -MMD -MP -MF"src/helloworld.d" -MT"src/helloworld.o" -o "src/helloworld.o" "../src/helloworld.c"
In file included from ../src/helloworld.c:1:0:
../src/helloworld.c: In function 'uart_0_int_handler':
../../uart_interrupts_bsp/microblaze_0/include/xuartlite_l.h:189:17: warning: passing argument 1 of 'Xil_In32' makes integer from pointer without a cast [-Wint-conversion]
  XUartLite_In32((BaseAddress) + (RegOffset))
                 ^
../../uart_interrupts_bsp/microblaze_0/include/xuartlite_l.h:226:3: note: in expansion of macro 'XUartLite_ReadReg'
   XUartLite_ReadReg((BaseAddress), XUL_STATUS_REG_OFFSET)
   ^~~~~~~~~~~~~~~~~
../../uart_interrupts_bsp/microblaze_0/include/xuartlite_l.h:243:5: note: in expansion of macro 'XUartLite_GetStatusReg'
   ((XUartLite_GetStatusReg((BaseAddress)) & XUL_SR_RX_FIFO_VALID_DATA) != \
     ^~~~~~~~~~~~~~~~~~~~~~
../src/helloworld.c:24:10: note: in expansion of macro 'XUartLite_IsReceiveEmpty'
  while (!XUartLite_IsReceiveEmpty(baseaddr_p)) { // This keeps pointing to the wrong addres...
          ^~~~~~~~~~~~~~~~~~~~~~~~
In file included from ../../uart_interrupts_bsp/microblaze_0/include/xuartlite_l.h:69:0,
                 from ../src/helloworld.c:1:
../../uart_interrupts_bsp/microblaze_0/include/xil_io.h:147:19: note: expected 'UINTPTR {aka unsigned int}' but argument is of type 'void *'
 static INLINE u32 Xil_In32(UINTPTR Addr)
                   ^~~~~~~~
In file included from ../src/helloworld.c:1:0:
../../uart_interrupts_bsp/microblaze_0/include/xuartlite_l.h:189:17: warning: passing argument 1 of 'Xil_In32' makes integer from pointer without a cast [-Wint-conversion]
  XUartLite_In32((BaseAddress) + (RegOffset))
                 ^
../src/helloworld.c:25:12: note: in expansion of macro 'XUartLite_ReadReg'
   char c = XUartLite_ReadReg(baseaddr_p, XUL_RX_FIFO_OFFSET);
            ^~~~~~~~~~~~~~~~~
In file included from ../../uart_interrupts_bsp/microblaze_0/include/xuartlite_l.h:69:0,
                 from ../src/helloworld.c:1:
../../uart_interrupts_bsp/microblaze_0/include/xil_io.h:147:19: note: expected 'UINTPTR {aka unsigned int}' but argument is of type 'void *'
 static INLINE u32 Xil_In32(UINTPTR Addr)
                   ^~~~~~~~
../src/helloworld.c:26:22: warning: passing argument 1 of 'XUartLite_SendByte' makes integer from pointer without a cast [-Wint-conversion]
   XUartLite_SendByte(baseaddr_p, c); // Echo
                      ^~~~~~~~~~
In file included from ../src/helloworld.c:1:0:
../../uart_interrupts_bsp/microblaze_0/include/xuartlite_l.h:322:6: note: expected 'UINTPTR {aka unsigned int}' but argument is of type 'void *'
 void XUartLite_SendByte(UINTPTR BaseAddress, u8 Data);
      ^~~~~~~~~~~~~~~~~~
../src/helloworld.c: In function 'uart_buffered_tx':
../src/helloworld.c:47:35: warning: assignment makes integer from pointer without a cast [-Wint-conversion]
  uart_send_active_device_baseaddr = baseaddr_p;
                                   ^
../src/helloworld.c:51:32: warning: pointer targets in passing argument 1 of 'strlen' differ in signedness [-Wpointer-sign]
  uart_send_buffer_len = strlen(buffer);
                                ^~~~~~
In file included from /home/zach/Xilinx/SDK/2018.3/gnu/microblaze/lin/microblaze-xilinx-elf/include/ctype.h:4:0,
                 from ../../uart_interrupts_bsp/microblaze_0/include/xil_printf.h:8,
                 from ../../uart_interrupts_bsp/microblaze_0/include/xil_io.h:61,
                 from ../../uart_interrupts_bsp/microblaze_0/include/xuartlite_l.h:69,
                 from ../src/helloworld.c:1:
/home/zach/Xilinx/SDK/2018.3/gnu/microblaze/lin/microblaze-xilinx-elf/include/string.h:33:9: note: expected 'const char *' but argument is of type 'unsigned char *'
 size_t  _EXFUN(strlen,(const char *));
         ^
../src/helloworld.c:53:21: warning: implicit declaration of function 'calloc' [-Wimplicit-function-declaration]
  uart_send_buffer = calloc(uart_send_buffer_len + 1, sizeof(unsigned char));
                     ^~~~~~
../src/helloworld.c:53:21: warning: incompatible implicit declaration of built-in function 'calloc'
../src/helloworld.c:53:21: note: include '<stdlib.h>' or provide a declaration of 'calloc'
../src/helloworld.c:54:10: warning: pointer targets in passing argument 1 of 'strncpy' differ in signedness [-Wpointer-sign]
  strncpy(uart_send_buffer, buffer, uart_send_buffer_len);
          ^~~~~~~~~~~~~~~~
In file included from /home/zach/Xilinx/SDK/2018.3/gnu/microblaze/lin/microblaze-xilinx-elf/include/ctype.h:4:0,
                 from ../../uart_interrupts_bsp/microblaze_0/include/xil_printf.h:8,
                 from ../../uart_interrupts_bsp/microblaze_0/include/xil_io.h:61,
                 from ../../uart_interrupts_bsp/microblaze_0/include/xuartlite_l.h:69,
                 from ../src/helloworld.c:1:
/home/zach/Xilinx/SDK/2018.3/gnu/microblaze/lin/microblaze-xilinx-elf/include/string.h:36:8: note: expected 'char * restrict' but argument is of type 'unsigned char *'
 char  *_EXFUN(strncpy,(char *__restrict, const char *__restrict, size_t));
        ^
../src/helloworld.c:54:28: warning: pointer targets in passing argument 2 of 'strncpy' differ in signedness [-Wpointer-sign]
  strncpy(uart_send_buffer, buffer, uart_send_buffer_len);
                            ^~~~~~
In file included from /home/zach/Xilinx/SDK/2018.3/gnu/microblaze/lin/microblaze-xilinx-elf/include/ctype.h:4:0,
                 from ../../uart_interrupts_bsp/microblaze_0/include/xil_printf.h:8,
                 from ../../uart_interrupts_bsp/microblaze_0/include/xil_io.h:61,
                 from ../../uart_interrupts_bsp/microblaze_0/include/xuartlite_l.h:69,
                 from ../src/helloworld.c:1:
/home/zach/Xilinx/SDK/2018.3/gnu/microblaze/lin/microblaze-xilinx-elf/include/string.h:36:8: note: expected 'const char * restrict' but argument is of type 'unsigned char *'
 char  *_EXFUN(strncpy,(char *__restrict, const char *__restrict, size_t));
        ^
../src/helloworld.c:57:3: warning: implicit declaration of function 'uart_buffered_tx_segment'; did you mean 'uart_buffered_tx'? [-Wimplicit-function-declaration]
   uart_buffered_tx_segment(baseaddr_p);
   ^~~~~~~~~~~~~~~~~~~~~~~~
   uart_buffered_tx
../src/helloworld.c: At top level:
../src/helloworld.c:62:6: warning: conflicting types for 'uart_buffered_tx_segment'
 void uart_buffered_tx_segment(void *baseaddr_p) {
      ^~~~~~~~~~~~~~~~~~~~~~~~
../src/helloworld.c:57:3: note: previous implicit declaration of 'uart_buffered_tx_segment' was here
   uart_buffered_tx_segment(baseaddr_p);
   ^~~~~~~~~~~~~~~~~~~~~~~~
In file included from ../src/helloworld.c:1:0:
../src/helloworld.c: In function 'uart_buffered_tx_segment':
../../uart_interrupts_bsp/microblaze_0/include/xuartlite_l.h:189:17: warning: passing argument 1 of 'Xil_In32' makes integer from pointer without a cast [-Wint-conversion]
  XUartLite_In32((BaseAddress) + (RegOffset))
                 ^
../../uart_interrupts_bsp/microblaze_0/include/xuartlite_l.h:226:3: note: in expansion of macro 'XUartLite_ReadReg'
   XUartLite_ReadReg((BaseAddress), XUL_STATUS_REG_OFFSET)
   ^~~~~~~~~~~~~~~~~
../../uart_interrupts_bsp/microblaze_0/include/xuartlite_l.h:261:4: note: in expansion of macro 'XUartLite_GetStatusReg'
  ((XUartLite_GetStatusReg((BaseAddress)) & XUL_SR_TX_FIFO_FULL) == \
    ^~~~~~~~~~~~~~~~~~~~~~
../src/helloworld.c:64:10: note: in expansion of macro 'XUartLite_IsTransmitFull'
  while (!XUartLite_IsTransmitFull(baseaddr_p) && !UART_TX_BUFFER_DONE) {
          ^~~~~~~~~~~~~~~~~~~~~~~~
In file included from ../../uart_interrupts_bsp/microblaze_0/include/xuartlite_l.h:69:0,
                 from ../src/helloworld.c:1:
../../uart_interrupts_bsp/microblaze_0/include/xil_io.h:147:19: note: expected 'UINTPTR {aka unsigned int}' but argument is of type 'void *'
 static INLINE u32 Xil_In32(UINTPTR Addr)
                   ^~~~~~~~
../src/helloworld.c:65:22: warning: passing argument 1 of 'XUartLite_SendByte' makes integer from pointer without a cast [-Wint-conversion]
   XUartLite_SendByte(baseaddr_p, uart_send_buffer[uart_tx_idx++]);
                      ^~~~~~~~~~
In file included from ../src/helloworld.c:1:0:
../../uart_interrupts_bsp/microblaze_0/include/xuartlite_l.h:322:6: note: expected 'UINTPTR {aka unsigned int}' but argument is of type 'void *'
 void XUartLite_SendByte(UINTPTR BaseAddress, u8 Data);
      ^~~~~~~~~~~~~~~~~~
../src/helloworld.c:70:3: warning: implicit declaration of function 'free' [-Wimplicit-function-declaration]
   free(uart_send_buffer);
   ^~~~
../src/helloworld.c:70:3: warning: incompatible implicit declaration of built-in function 'free'
../src/helloworld.c:70:3: note: include '<stdlib.h>' or provide a declaration of 'free'
../src/helloworld.c: In function 'main':
../src/helloworld.c:113:19: warning: pointer targets in passing argument 1 of 'uart_buffered_tx' differ in signedness [-Wpointer-sign]
  uart_buffered_tx("Hello world! I'm a super long string! Transmit me, please!\r\n", XPAR_AXI_UARTLITE_0_BASEADDR);
                   ^~~~~~~~~~~~~~~~~~~~~~~~~~~~~~~~~~~~~~~~~~~~~~~~~~~~~~~~~~~~~~~~
../src/helloworld.c:38:6: note: expected 'unsigned char *' but argument is of type 'char *'
 void uart_buffered_tx(unsigned char *buffer, void *baseaddr_p) {
      ^~~~~~~~~~~~~~~~
In file included from ../../uart_interrupts_bsp/microblaze_0/include/xil_printf.h:12:0,
                 from ../../uart_interrupts_bsp/microblaze_0/include/xil_io.h:61,
                 from ../../uart_interrupts_bsp/microblaze_0/include/xuartlite_l.h:69,
                 from ../src/helloworld.c:1:
../../uart_interrupts_bsp/microblaze_0/include/xparameters.h:659:38: warning: passing argument 2 of 'uart_buffered_tx' makes pointer from integer without a cast [-Wint-conversion]
 #define XPAR_AXI_UARTLITE_0_BASEADDR 0x40600000
                                      ^
../src/helloworld.c:113:85: note: in expansion of macro 'XPAR_AXI_UARTLITE_0_BASEADDR'
  uart_buffered_tx("Hello world! I'm a super long string! Transmit me, please!\r\n", XPAR_AXI_UARTLITE_0_BASEADDR);
                                                                                     ^~~~~~~~~~~~~~~~~~~~~~~~~~~~
../src/helloworld.c:38:6: note: expected 'void *' but argument is of type 'int'
 void uart_buffered_tx(unsigned char *buffer, void *baseaddr_p) {
      ^~~~~~~~~~~~~~~~
../src/helloworld.c:114:19: warning: pointer targets in passing argument 1 of 'uart_buffered_tx' differ in signedness [-Wpointer-sign]
  uart_buffered_tx("One sec, gotta transmit a message on UART1.\r\n", XPAR_AXI_UARTLITE_1_BASEADDR);
                   ^~~~~~~~~~~~~~~~~~~~~~~~~~~~~~~~~~~~~~~~~~~~~~~~~
../src/helloworld.c:38:6: note: expected 'unsigned char *' but argument is of type 'char *'
 void uart_buffered_tx(unsigned char *buffer, void *baseaddr_p) {
      ^~~~~~~~~~~~~~~~
In file included from ../../uart_interrupts_bsp/microblaze_0/include/xil_printf.h:12:0,
                 from ../../uart_interrupts_bsp/microblaze_0/include/xil_io.h:61,
                 from ../../uart_interrupts_bsp/microblaze_0/include/xuartlite_l.h:69,
                 from ../src/helloworld.c:1:
../../uart_interrupts_bsp/microblaze_0/include/xparameters.h:669:38: warning: passing argument 2 of 'uart_buffered_tx' makes pointer from integer without a cast [-Wint-conversion]
 #define XPAR_AXI_UARTLITE_1_BASEADDR 0x40610000
                                      ^
../src/helloworld.c:114:70: note: in expansion of macro 'XPAR_AXI_UARTLITE_1_BASEADDR'
  uart_buffered_tx("One sec, gotta transmit a message on UART1.\r\n", XPAR_AXI_UARTLITE_1_BASEADDR);
                                                                      ^~~~~~~~~~~~~~~~~~~~~~~~~~~~
../src/helloworld.c:38:6: note: expected 'void *' but argument is of type 'int'
 void uart_buffered_tx(unsigned char *buffer, void *baseaddr_p) {
      ^~~~~~~~~~~~~~~~
../src/helloworld.c:115:19: warning: pointer targets in passing argument 1 of 'uart_buffered_tx' differ in signedness [-Wpointer-sign]
  uart_buffered_tx("Alright, I'm back, transmitting on UART0.\r\n", XPAR_AXI_UARTLITE_0_BASEADDR);
                   ^~~~~~~~~~~~~~~~~~~~~~~~~~~~~~~~~~~~~~~~~~~~~~~
../src/helloworld.c:38:6: note: expected 'unsigned char *' but argument is of type 'char *'
 void uart_buffered_tx(unsigned char *buffer, void *baseaddr_p) {
      ^~~~~~~~~~~~~~~~
In file included from ../../uart_interrupts_bsp/microblaze_0/include/xil_printf.h:12:0,
                 from ../../uart_interrupts_bsp/microblaze_0/include/xil_io.h:61,
                 from ../../uart_interrupts_bsp/microblaze_0/include/xuartlite_l.h:69,
                 from ../src/helloworld.c:1:
../../uart_interrupts_bsp/microblaze_0/include/xparameters.h:659:38: warning: passing argument 2 of 'uart_buffered_tx' makes pointer from integer without a cast [-Wint-conversion]
 #define XPAR_AXI_UARTLITE_0_BASEADDR 0x40600000
                                      ^
../src/helloworld.c:115:68: note: in expansion of macro 'XPAR_AXI_UARTLITE_0_BASEADDR'
  uart_buffered_tx("Alright, I'm back, transmitting on UART0.\r\n", XPAR_AXI_UARTLITE_0_BASEADDR);
                                                                    ^~~~~~~~~~~~~~~~~~~~~~~~~~~~
../src/helloworld.c:38:6: note: expected 'void *' but argument is of type 'int'
 void uart_buffered_tx(unsigned char *buffer, void *baseaddr_p) {
      ^~~~~~~~~~~~~~~~
Finished building: ../src/helloworld.c
 
Building target: uart_interrupts.elf
Invoking: MicroBlaze gcc linker
mb-gcc -Wl,-T -Wl,../src/lscript.ld -L../../uart_interrupts_bsp/microblaze_0/lib -mlittle-endian -mcpu=v11.0 -mxl-soft-mul -Wl,--no-relax -Wl,--gc-sections -o "uart_interrupts.elf"  ./src/helloworld.o ./src/platform.o   -Wl,--start-group,-lxil,-lgcc,-lc,--end-group
Finished building target: uart_interrupts.elf
 
Invoking: MicroBlaze Print Size
mb-size uart_interrupts.elf  |tee "uart_interrupts.elf.size"
   text	   data	    bss	    dec	    hex	filename
  26688	   1380	   3340	  31408	   7ab0	uart_interrupts.elf
Finished building: uart_interrupts.elf.size
 
